Archive member included to satisfy reference by file (symbol)

/home/felix/opt/riscv64-unknown-elf-toolchain-10.2.0-2020.12.8-x86_64-linux-ubuntu14/bin/../lib/gcc/riscv64-unknown-elf/10.2.0/rv32imac/ilp32/libgcc.a(_clzsi2.o)
                              ./output/tasks.o (__clzsi2)
/home/felix/opt/riscv64-unknown-elf-toolchain-10.2.0-2020.12.8-x86_64-linux-ubuntu14/bin/../lib/gcc/riscv64-unknown-elf/10.2.0/rv32imac/ilp32/libgcc.a(_clz.o)
                              /home/felix/opt/riscv64-unknown-elf-toolchain-10.2.0-2020.12.8-x86_64-linux-ubuntu14/bin/../lib/gcc/riscv64-unknown-elf/10.2.0/rv32imac/ilp32/libgcc.a(_clzsi2.o) (__clz_tab)
/home/felix/opt/riscv64-unknown-elf-toolchain-10.2.0-2020.12.8-x86_64-linux-ubuntu14/bin/../lib/gcc/riscv64-unknown-elf/10.2.0/../../../../riscv64-unknown-elf/lib/rv32imac/ilp32/libc.a(lib_a-memcmp.o)
                              ./output/MessageBufferDemo.o (memcmp)
/home/felix/opt/riscv64-unknown-elf-toolchain-10.2.0-2020.12.8-x86_64-linux-ubuntu14/bin/../lib/gcc/riscv64-unknown-elf/10.2.0/../../../../riscv64-unknown-elf/lib/rv32imac/ilp32/libc.a(lib_a-memcpy.o)
                              ./output/queue.o (memcpy)
/home/felix/opt/riscv64-unknown-elf-toolchain-10.2.0-2020.12.8-x86_64-linux-ubuntu14/bin/../lib/gcc/riscv64-unknown-elf/10.2.0/../../../../riscv64-unknown-elf/lib/rv32imac/ilp32/libc.a(lib_a-memset.o)
                              ./output/tasks.o (memset)
/home/felix/opt/riscv64-unknown-elf-toolchain-10.2.0-2020.12.8-x86_64-linux-ubuntu14/bin/../lib/gcc/riscv64-unknown-elf/10.2.0/../../../../riscv64-unknown-elf/lib/rv32imac/ilp32/libc.a(lib_a-strcmp.o)
                              ./output/MessageBufferAMP.o (strcmp)
/home/felix/opt/riscv64-unknown-elf-toolchain-10.2.0-2020.12.8-x86_64-linux-ubuntu14/bin/../lib/gcc/riscv64-unknown-elf/10.2.0/../../../../riscv64-unknown-elf/lib/rv32imac/ilp32/libc.a(lib_a-strlen.o)
                              ./output/tasks.o (strlen)

Discarded input sections

 .group         0x0000000000000000        0xc ./output/tasks.o
 .group         0x0000000000000000        0xc ./output/tasks.o
 .group         0x0000000000000000        0xc ./output/tasks.o
 .group         0x0000000000000000        0xc ./output/tasks.o
 .group         0x0000000000000000        0xc ./output/tasks.o
 .group         0x0000000000000000        0xc ./output/tasks.o
 .group         0x0000000000000000        0xc ./output/tasks.o
 .group         0x0000000000000000        0xc ./output/tasks.o
 .group         0x0000000000000000        0xc ./output/tasks.o
 .group         0x0000000000000000        0xc ./output/tasks.o
 .group         0x0000000000000000        0xc ./output/tasks.o
 .group         0x0000000000000000        0xc ./output/tasks.o
 .group         0x0000000000000000        0xc ./output/tasks.o
 .group         0x0000000000000000        0xc ./output/tasks.o
 .group         0x0000000000000000        0xc ./output/tasks.o
 .group         0x0000000000000000        0xc ./output/tasks.o
 .group         0x0000000000000000        0xc ./output/tasks.o
 .group         0x0000000000000000        0xc ./output/tasks.o
 .group         0x0000000000000000        0xc ./output/tasks.o
 .group         0x0000000000000000        0xc ./output/tasks.o
 .group         0x0000000000000000        0xc ./output/tasks.o
 .group         0x0000000000000000        0xc ./output/tasks.o
 .group         0x0000000000000000        0xc ./output/tasks.o
 .group         0x0000000000000000        0xc ./output/tasks.o
 .group         0x0000000000000000        0xc ./output/tasks.o
 .group         0x0000000000000000        0xc ./output/tasks.o
 .group         0x0000000000000000        0xc ./output/tasks.o
 .group         0x0000000000000000        0xc ./output/tasks.o
 .group         0x0000000000000000        0xc ./output/tasks.o
 .group         0x0000000000000000        0xc ./output/tasks.o
 .group         0x0000000000000000        0xc ./output/tasks.o
 .group         0x0000000000000000        0xc ./output/tasks.o
 .group         0x0000000000000000        0xc ./output/tasks.o
 .group         0x0000000000000000        0xc ./output/tasks.o
 .group         0x0000000000000000        0xc ./output/tasks.o
 .group         0x0000000000000000        0xc ./output/tasks.o
 .group         0x0000000000000000        0xc ./output/tasks.o
 .group         0x0000000000000000        0xc ./output/tasks.o
 .group         0x0000000000000000        0xc ./output/tasks.o
 .group         0x0000000000000000        0xc ./output/tasks.o
 .text          0x0000000000000000        0x0 ./output/tasks.o
 .data          0x0000000000000000        0x0 ./output/tasks.o
 .bss           0x0000000000000000        0x0 ./output/tasks.o
 .text.uxTaskPriorityGetFromISR
                0x0000000000000000       0x30 ./output/tasks.o
 .text.uxTaskBasePriorityGet
                0x0000000000000000       0x4e ./output/tasks.o
 .text.uxTaskBasePriorityGetFromISR
                0x0000000000000000       0x30 ./output/tasks.o
[...]
Memory Configuration

Name             Origin             Length             Attributes
rom              0x0000000080000000 0x0000000000080000 axr
ram              0x0000000080080000 0x0000000000100000 axw
*default*        0x0000000000000000 0xffffffffffffffff

Linker script and memory map

LOAD ./output/tasks.o
LOAD ./output/list.o
LOAD ./output/queue.o
LOAD ./output/timers.o
LOAD ./output/event_groups.o
LOAD ./output/stream_buffer.o
LOAD ./output/heap_4.o
LOAD ./output/port.o
LOAD ./output/AbortDelay.o
LOAD ./output/BlockQ.o
LOAD ./output/blocktim.o
LOAD ./output/countsem.o
LOAD ./output/death.o
LOAD ./output/dynamic.o
LOAD ./output/EventGroupsDemo.o
LOAD ./output/GenQTest.o
LOAD ./output/integer.o
LOAD ./output/IntSemTest.o
LOAD ./output/MessageBufferAMP.o
LOAD ./output/MessageBufferDemo.o
LOAD ./output/PollQ.o
LOAD ./output/QPeek.o
LOAD ./output/QueueOverwrite.o
LOAD ./output/QueueSet.o
LOAD ./output/QueueSetPolling.o
LOAD ./output/recmutex.o
LOAD ./output/semtest.o
LOAD ./output/StaticAllocation.o
LOAD ./output/StreamBufferDemo.o
LOAD ./output/StreamBufferInterrupt.o
LOAD ./output/TaskNotify.o
LOAD ./output/TaskNotifyArray.o
LOAD ./output/TimerDemo.o
LOAD ./output/main.o
LOAD ./output/main_blinky.o
LOAD ./output/main_full.o
LOAD ./output/ns16550.o
LOAD ./output/riscv-virt.o
LOAD ./output/printf-stdarg.o
LOAD ./output/portASM.o
LOAD ./output/start.o
LOAD ./output/RegTest.o
LOAD ./output/vector.o
                0x0000000000000160                __stack_size = 0x160
START GROUP
END GROUP
LOAD /home/felix/opt/riscv64-unknown-elf-toolchain-10.2.0-2020.12.8-x86_64-linux-ubuntu14/bin/../lib/gcc/riscv64-unknown-elf/10.2.0/rv32imac/ilp32/libgcc.a
START GROUP
LOAD /home/felix/opt/riscv64-unknown-elf-toolchain-10.2.0-2020.12.8-x86_64-linux-ubuntu14/bin/../lib/gcc/riscv64-unknown-elf/10.2.0/../../../../riscv64-unknown-elf/lib/rv32imac/ilp32/libc.a
LOAD /home/felix/opt/riscv64-unknown-elf-toolchain-10.2.0-2020.12.8-x86_64-linux-ubuntu14/bin/../lib/gcc/riscv64-unknown-elf/10.2.0/../../../../riscv64-unknown-elf/lib/rv32imac/ilp32/libgloss.a
END GROUP
LOAD /home/felix/opt/riscv64-unknown-elf-toolchain-10.2.0-2020.12.8-x86_64-linux-ubuntu14/bin/../lib/gcc/riscv64-unknown-elf/10.2.0/rv32imac/ilp32/libgcc.a

.init           0x0000000080000000       0x76
                0x0000000080000000                _text = .
 *(SORT_NONE(.init))
 .init          0x0000000080000000       0x76 ./output/start.o
                0x0000000080000000                _start

.text           0x0000000080000100     0xf11e
 *(.text.unlikely .text.unlikely.*)
 *(.text.startup .text.startup.*)
 .text.startup.main
                0x0000000080000100       0x14 ./output/main.o
                0x0000000080000100                main
 *(.text .text.*)
 .text.prvSearchForNameWithinSingleList
                0x0000000080000114       0x3a ./output/tasks.o
 .text.prvAddNewTaskToReadyList
                0x000000008000014e      0x13e ./output/tasks.o
 .text.prvAddCurrentTaskToDelayedList
                0x000000008000028c       0xe2 ./output/tasks.o
 .text.prvResetNextTaskUnblockTime
                0x000000008000036e       0x24 ./output/tasks.o
 .text.prvTaskIsTaskSuspended
                0x0000000080000392       0x64 ./output/tasks.o
 .text.prvDeleteTCB
                0x00000000800003f6       0x40 ./output/tasks.o
 .text.prvCheckTasksWaitingTermination
                0x0000000080000436       0x7a ./output/tasks.o
 .text.prvIdleTask
                0x00000000800004b0        0x8 ./output/tasks.o
 .text.prvInitialiseNewTask.constprop.0
                0x00000000800004b8       0xc6 ./output/tasks.o
 .text.xTaskCreateStatic
                0x000000008000057e       0xa6 ./output/tasks.o
                0x000000008000057e                xTaskCreateStatic
 .text.xTaskCreate
                0x0000000080000624       0x7a ./output/tasks.o
                0x0000000080000624                xTaskCreate
 .text.vTaskDelete
                0x000000008000069e      0x12a ./output/tasks.o
                0x000000008000069e                vTaskDelete
 .text.eTaskGetState
                0x00000000800007c8       0xae ./output/tasks.o
                0x00000000800007c8                eTaskGetState
 .text.uxTaskPriorityGet
                0x0000000080000876       0x46 ./output/tasks.o
                0x0000000080000876                uxTaskPriorityGet
 .text.vTaskPrioritySet
                0x00000000800008bc      0x144 ./output/tasks.o
                0x00000000800008bc                vTaskPrioritySet
 .text.vTaskResume
                0x0000000080000a00       0xbc ./output/tasks.o
                0x0000000080000a00                vTaskResume
 .text.vTaskStartScheduler
                0x0000000080000abc       0xaa ./output/tasks.o
                0x0000000080000abc                vTaskStartScheduler
 .text.vTaskSuspendAll
                0x0000000080000b66       0x10 ./output/tasks.o
                0x0000000080000b66                vTaskSuspendAll
 .text.xTaskGetTickCount
                0x0000000080000b76        0xa ./output/tasks.o
                0x0000000080000b76                xTaskGetTickCount
 .text.xTaskGetTickCountFromISR
                0x0000000080000b80        0xa ./output/tasks.o
                0x0000000080000b80                xTaskGetTickCountFromISR
 .text.uxTaskGetNumberOfTasks
                0x0000000080000b8a        0xa ./output/tasks.o
                0x0000000080000b8a                uxTaskGetNumberOfTasks
 .text.xTaskIncrementTick
                0x0000000080000b94      0x1be ./output/tasks.o
                0x0000000080000b94                xTaskIncrementTick
 .text.xTaskResumeAll
                0x0000000080000d52      0x176 ./output/tasks.o
                0x0000000080000d52                xTaskResumeAll
 .text.xTaskDelayUntil
                0x0000000080000ec8       0x9e ./output/tasks.o
                0x0000000080000ec8                xTaskDelayUntil
 .text.vTaskDelay
                0x0000000080000f66       0x4a ./output/tasks.o
                0x0000000080000f66                vTaskDelay
 .text.xTaskGetHandle
                0x0000000080000fb0       0x9e ./output/tasks.o
                0x0000000080000fb0                xTaskGetHandle
 .text.xTaskCatchUpTicks
                0x000000008000104e       0x4c ./output/tasks.o
                0x000000008000104e                xTaskCatchUpTicks
 .text.xTaskAbortDelay
                0x000000008000109a       0xd2 ./output/tasks.o
                0x000000008000109a                xTaskAbortDelay
 .text.vTaskSwitchContext
                0x000000008000116c       0xde ./output/tasks.o
                0x000000008000116c                vTaskSwitchContext
 .text.vTaskSuspend
                0x000000008000124a      0x168 ./output/tasks.o
                0x000000008000124a                vTaskSuspend
 .text.vTaskPlaceOnEventList
                0x00000000800013b2       0x40 ./output/tasks.o
                0x00000000800013b2                vTaskPlaceOnEventList
 .text.vTaskPlaceOnUnorderedEventList
                0x00000000800013f2       0x88 ./output/tasks.o
                0x00000000800013f2                vTaskPlaceOnUnorderedEventList
 .text.vTaskPlaceOnEventListRestricted
                0x000000008000147a       0x68 ./output/tasks.o
                0x000000008000147a                vTaskPlaceOnEventListRestricted
 .text.xTaskRemoveFromEventList
                0x00000000800014e2       0xd8 ./output/tasks.o
                0x00000000800014e2                xTaskRemoveFromEventList
 .text.vTaskRemoveFromUnorderedEventList
                0x00000000800015ba       0xd8 ./output/tasks.o
                0x00000000800015ba                vTaskRemoveFromUnorderedEventList
 .text.vTaskSetTimeOutState
                0x0000000080001692       0x4a ./output/tasks.o
                0x0000000080001692                vTaskSetTimeOutState
 .text.vTaskInternalSetTimeOutState
                0x00000000800016dc       0x16 ./output/tasks.o
                0x00000000800016dc                vTaskInternalSetTimeOutState
 .text.xTaskCheckForTimeOut
                0x00000000800016f2       0xc2 ./output/tasks.o
                0x00000000800016f2                xTaskCheckForTimeOut
 .text.vTaskMissedYield
                0x00000000800017b4        0xc ./output/tasks.o
                0x00000000800017b4                vTaskMissedYield
 .text.xTaskGetCurrentTaskHandle
                0x00000000800017c0        0xa ./output/tasks.o
                0x00000000800017c0                xTaskGetCurrentTaskHandle
 .text.xTaskGetSchedulerState
                0x00000000800017ca       0x1c ./output/tasks.o
                0x00000000800017ca                xTaskGetSchedulerState
 .text.xTaskPriorityInherit
                0x00000000800017e6       0xd4 ./output/tasks.o
                0x00000000800017e6                xTaskPriorityInherit
 .text.xTaskPriorityDisinherit
                0x00000000800018ba       0xc2 ./output/tasks.o
                0x00000000800018ba                xTaskPriorityDisinherit
 .text.vTaskPriorityDisinheritAfterTimeout
                0x000000008000197c       0xe4 ./output/tasks.o
                0x000000008000197c                vTaskPriorityDisinheritAfterTimeout
 .text.uxTaskResetEventItemValue
                0x0000000080001a60       0x1a ./output/tasks.o
                0x0000000080001a60                uxTaskResetEventItemValue
 .text.pvTaskIncrementMutexHeldCount
                0x0000000080001a7a       0x12 ./output/tasks.o
                0x0000000080001a7a                pvTaskIncrementMutexHeldCount
 .text.ulTaskGenericNotifyTake
                0x0000000080001a8c       0xe2 ./output/tasks.o
                0x0000000080001a8c                ulTaskGenericNotifyTake
 .text.xTaskGenericNotifyWait
                0x0000000080001b6e      0x138 ./output/tasks.o
                0x0000000080001b6e                xTaskGenericNotifyWait
 .text.xTaskGenericNotify
                0x0000000080001ca6      0x186 ./output/tasks.o
                0x0000000080001ca6                xTaskGenericNotify
 .text.xTaskGenericNotifyFromISR
                0x0000000080001e2c      0x1ae ./output/tasks.o
                0x0000000080001e2c                xTaskGenericNotifyFromISR
 .text.vTaskGenericNotifyGiveFromISR
                0x0000000080001fda      0x116 ./output/tasks.o
                0x0000000080001fda                vTaskGenericNotifyGiveFromISR
 .text.xTaskGenericNotifyStateClear
                0x00000000800020f0       0x7c ./output/tasks.o
                0x00000000800020f0                xTaskGenericNotifyStateClear
 .text.ulTaskGenericNotifyValueClear
                0x000000008000216c       0x80 ./output/tasks.o
                0x000000008000216c                ulTaskGenericNotifyValueClear
 .text.vListInitialise
                0x00000000800021ec       0x14 ./output/list.o
                0x00000000800021ec                vListInitialise
 .text.vListInitialiseItem
                0x0000000080002200        0x6 ./output/list.o
                0x0000000080002200                vListInitialiseItem
 .text.vListInsertEnd
                0x0000000080002206       0x18 ./output/list.o
                0x0000000080002206                vListInsertEnd
 .text.vListInsert
                0x000000008000221e       0x2e ./output/list.o
                0x000000008000221e                vListInsert
 .text.uxListRemove
                0x000000008000224c       0x1e ./output/list.o
                0x000000008000224c                uxListRemove
 .text.prvIsQueueEmpty
                0x000000008000226a       0x16 ./output/queue.o
 .text.prvCopyDataToQueue
                0x0000000080002280       0x8a ./output/queue.o
 .text.prvCopyDataFromQueue
                0x000000008000230a       0x20 ./output/queue.o
 .text.prvNotifyQueueSetContainer
                0x000000008000232a       0xb2 ./output/queue.o
 .text.prvUnlockQueue
                0x00000000800023dc       0xc6 ./output/queue.o
 .text.xQueueGenericReset
                0x00000000800024a2       0xb0 ./output/queue.o
                0x00000000800024a2                xQueueGenericReset
 .text.xQueueGenericCreateStatic
                0x0000000080002552       0x9a ./output/queue.o
                0x0000000080002552                xQueueGenericCreateStatic
 .text.xQueueGenericCreate
                0x00000000800025ec       0x78 ./output/queue.o
                0x00000000800025ec                xQueueGenericCreate
 .text.xQueueGetMutexHolder
                0x0000000080002664       0x38 ./output/queue.o
                0x0000000080002664                xQueueGetMutexHolder
 .text.xQueueGetMutexHolderFromISR
                0x000000008000269c       0x2a ./output/queue.o
                0x000000008000269c                xQueueGetMutexHolderFromISR
 .text.xQueueCreateCountingSemaphoreStatic
                0x00000000800026c6       0x38 ./output/queue.o
                0x00000000800026c6                xQueueCreateCountingSemaphoreStatic
 .text.xQueueCreateCountingSemaphore
                0x00000000800026fe       0x34 ./output/queue.o
                0x00000000800026fe                xQueueCreateCountingSemaphore
 .text.xQueueGenericSend
                0x0000000080002732      0x1b0 ./output/queue.o
                0x0000000080002732                xQueueGenericSend
 .text.xQueueCreateMutexStatic
                0x00000000800028e2       0x36 ./output/queue.o
                0x00000000800028e2                xQueueCreateMutexStatic
 .text.xQueueGiveMutexRecursive
                0x0000000080002918       0x4e ./output/queue.o
                0x0000000080002918                xQueueGiveMutexRecursive
 .text.xQueueCreateMutex
                0x0000000080002966       0x32 ./output/queue.o
                0x0000000080002966                xQueueCreateMutex
 .text.xQueueGenericSendFromISR
                0x0000000080002998      0x104 ./output/queue.o
                0x0000000080002998                xQueueGenericSendFromISR
 .text.xQueueGiveFromISR
                0x0000000080002a9c       0xd0 ./output/queue.o
                0x0000000080002a9c                xQueueGiveFromISR
 .text.xQueueReceive
                0x0000000080002b6c      0x16a ./output/queue.o
                0x0000000080002b6c                xQueueReceive
 .text.xQueueSemaphoreTake
                0x0000000080002cd6      0x1ba ./output/queue.o
                0x0000000080002cd6                xQueueSemaphoreTake
 .text.xQueueTakeMutexRecursive
                0x0000000080002e90       0x6e ./output/queue.o
                0x0000000080002e90                xQueueTakeMutexRecursive
 .text.xQueuePeek
                0x0000000080002efe      0x164 ./output/queue.o
                0x0000000080002efe                xQueuePeek
 .text.xQueueReceiveFromISR
                0x0000000080003062       0xca ./output/queue.o
                0x0000000080003062                xQueueReceiveFromISR
 .text.xQueuePeekFromISR
                0x000000008000312c       0x76 ./output/queue.o
                0x000000008000312c                xQueuePeekFromISR
 .text.uxQueueMessagesWaiting
                0x00000000800031a2       0x34 ./output/queue.o
                0x00000000800031a2                uxQueueMessagesWaiting
 .text.uxQueueSpacesAvailable
                0x00000000800031d6       0x38 ./output/queue.o
                0x00000000800031d6                uxQueueSpacesAvailable
 .text.vQueueAddToRegistry
                0x000000008000320e       0x5e ./output/queue.o
                0x000000008000320e                vQueueAddToRegistry
 .text.vQueueUnregisterQueue
                0x000000008000326c       0x4c ./output/queue.o
                0x000000008000326c                vQueueUnregisterQueue
 .text.vQueueDelete
                0x00000000800032b8       0x3a ./output/queue.o
                0x00000000800032b8                vQueueDelete
 .text.vQueueWaitForMessageRestricted
                0x00000000800032f2       0x52 ./output/queue.o
                0x00000000800032f2                vQueueWaitForMessageRestricted
 .text.xQueueCreateSet
                0x0000000080003344        0x8 ./output/queue.o
                0x0000000080003344                xQueueCreateSet
 .text.xQueueAddToSet
                0x000000008000334c       0x20 ./output/queue.o
                0x000000008000334c                xQueueAddToSet
 .text.xQueueRemoveFromSet
                0x000000008000336c       0x28 ./output/queue.o
                0x000000008000336c                xQueueRemoveFromSet
 .text.xQueueSelectFromSet
                0x0000000080003394       0x16 ./output/queue.o
                0x0000000080003394                xQueueSelectFromSet
 .text.xQueueSelectFromSetFromISR
                0x00000000800033aa       0x16 ./output/queue.o
                0x00000000800033aa                xQueueSelectFromSetFromISR
 .text.prvCheckForValidListAndQueue
                0x00000000800033c0       0x90 ./output/timers.o
 .text.prvInsertTimerInActiveList
                0x0000000080003450       0x48 ./output/timers.o
 .text.prvReloadTimer
                0x0000000080003498       0x36 ./output/timers.o
 .text.prvProcessExpiredTimer
                0x00000000800034ce       0x48 ./output/timers.o
 .text.prvSampleTimeNow
                0x0000000080003516       0x68 ./output/timers.o
 .text.prvTimerTask
                0x000000008000357e      0x174 ./output/timers.o
 .text.xTimerCreateTimerTask
                0x00000000800036f2       0x64 ./output/timers.o
                0x00000000800036f2                xTimerCreateTimerTask
 .text.xTimerCreate
                0x0000000080003756       0x7a ./output/timers.o
                0x0000000080003756                xTimerCreate
 .text.xTimerCreateStatic
                0x00000000800037d0       0xa4 ./output/timers.o
                0x00000000800037d0                xTimerCreateStatic
 .text.xTimerGenericCommandFromTask
                0x0000000080003874       0x64 ./output/timers.o
                0x0000000080003874                xTimerGenericCommandFromTask
 .text.xTimerGenericCommandFromISR
                0x00000000800038d8       0x50 ./output/timers.o
                0x00000000800038d8                xTimerGenericCommandFromISR
 .text.vTimerSetReloadMode
                0x0000000080003928       0x4c ./output/timers.o
                0x0000000080003928                vTimerSetReloadMode
 .text.xTimerGetReloadMode
                0x0000000080003974       0x38 ./output/timers.o
                0x0000000080003974                xTimerGetReloadMode
 .text.uxTimerGetReloadMode
                0x00000000800039ac        0x4 ./output/timers.o
                0x00000000800039ac                uxTimerGetReloadMode
 .text.pcTimerGetName
                0x00000000800039b0       0x24 ./output/timers.o
                0x00000000800039b0                pcTimerGetName
 .text.xTimerIsTimerActive
                0x00000000800039d4       0x36 ./output/timers.o
                0x00000000800039d4                xTimerIsTimerActive
 .text.pvTimerGetTimerID
                0x0000000080003a0a       0x32 ./output/timers.o
                0x0000000080003a0a                pvTimerGetTimerID
 .text.vTimerSetTimerID
                0x0000000080003a3c       0x38 ./output/timers.o
                0x0000000080003a3c                vTimerSetTimerID
 .text.xTimerPendFunctionCallFromISR
                0x0000000080003a74       0x28 ./output/timers.o
                0x0000000080003a74                xTimerPendFunctionCallFromISR
 .text.xEventGroupCreateStatic
                0x0000000080003a9c       0x54 ./output/event_groups.o
                0x0000000080003a9c                xEventGroupCreateStatic
 .text.xEventGroupCreate
                0x0000000080003af0       0x2a ./output/event_groups.o
                0x0000000080003af0                xEventGroupCreate
 .text.xEventGroupWaitBits
                0x0000000080003b1a      0x116 ./output/event_groups.o
                0x0000000080003b1a                xEventGroupWaitBits
 .text.xEventGroupClearBits
                0x0000000080003c30       0x5c ./output/event_groups.o
                0x0000000080003c30                xEventGroupClearBits
 .text.vEventGroupClearBitsCallback
                0x0000000080003c8c        0x4 ./output/event_groups.o
                0x0000000080003c8c                vEventGroupClearBitsCallback
 .text.xEventGroupClearBitsFromISR
                0x0000000080003c90       0x12 ./output/event_groups.o
                0x0000000080003c90                xEventGroupClearBitsFromISR
 .text.xEventGroupGetBitsFromISR
                0x0000000080003ca2        0x4 ./output/event_groups.o
                0x0000000080003ca2                xEventGroupGetBitsFromISR
 .text.xEventGroupSetBits
                0x0000000080003ca6       0xbe ./output/event_groups.o
                0x0000000080003ca6                xEventGroupSetBits
 .text.xEventGroupSync
                0x0000000080003d64       0xf2 ./output/event_groups.o
                0x0000000080003d64                xEventGroupSync
 .text.vEventGroupSetBitsCallback
                0x0000000080003e56        0x4 ./output/event_groups.o
                0x0000000080003e56                vEventGroupSetBitsCallback
 .text.vEventGroupDelete
                0x0000000080003e5a       0x72 ./output/event_groups.o
                0x0000000080003e5a                vEventGroupDelete
 .text.xEventGroupSetBitsFromISR
                0x0000000080003ecc       0x12 ./output/event_groups.o
                0x0000000080003ecc                xEventGroupSetBitsFromISR
 .text.prvBytesInBuffer
                0x0000000080003ede       0x14 ./output/stream_buffer.o
 .text.prvWriteBytesToBuffer
                0x0000000080003ef2       0xa0 ./output/stream_buffer.o
 .text.prvWriteMessageToBuffer
                0x0000000080003f92       0x54 ./output/stream_buffer.o
 .text.prvReadBytesFromBuffer
                0x0000000080003fe6       0xa6 ./output/stream_buffer.o
 .text.prvReadMessageFromBuffer
                0x000000008000408c       0x58 ./output/stream_buffer.o
 .text.prvInitialiseNewStreamBuffer.constprop.0
                0x00000000800040e4       0x60 ./output/stream_buffer.o
 .text.xStreamBufferGenericCreate
                0x0000000080004144       0x96 ./output/stream_buffer.o
                0x0000000080004144                xStreamBufferGenericCreate
 .text.xStreamBufferGenericCreateStatic
                0x00000000800041da       0xda ./output/stream_buffer.o
                0x00000000800041da                xStreamBufferGenericCreateStatic
 .text.vStreamBufferDelete
                0x00000000800042b4       0x40 ./output/stream_buffer.o
                0x00000000800042b4                vStreamBufferDelete
 .text.xStreamBufferReset
                0x00000000800042f4       0x6e ./output/stream_buffer.o
                0x00000000800042f4                xStreamBufferReset
 .text.xStreamBufferSpacesAvailable
                0x0000000080004362       0x3e ./output/stream_buffer.o
                0x0000000080004362                xStreamBufferSpacesAvailable
 .text.xStreamBufferBytesAvailable
                0x00000000800043a0       0x26 ./output/stream_buffer.o
                0x00000000800043a0                xStreamBufferBytesAvailable
 .text.xStreamBufferSend
                0x00000000800043c6      0x158 ./output/stream_buffer.o
                0x00000000800043c6                xStreamBufferSend
 .text.xStreamBufferSendFromISR
                0x000000008000451e       0x94 ./output/stream_buffer.o
                0x000000008000451e                xStreamBufferSendFromISR
 .text.xStreamBufferReceive
                0x00000000800045b2      0x10e ./output/stream_buffer.o
                0x00000000800045b2                xStreamBufferReceive
 .text.xStreamBufferNextMessageLengthBytes
                0x00000000800046c0       0x5c ./output/stream_buffer.o
                0x00000000800046c0                xStreamBufferNextMessageLengthBytes
 .text.xStreamBufferReceiveFromISR
                0x000000008000471c       0x8a ./output/stream_buffer.o
                0x000000008000471c                xStreamBufferReceiveFromISR
 .text.xStreamBufferIsEmpty
                0x00000000800047a6       0x2c ./output/stream_buffer.o
                0x00000000800047a6                xStreamBufferIsEmpty
 .text.xStreamBufferIsFull
                0x00000000800047d2       0x3c ./output/stream_buffer.o
                0x00000000800047d2                xStreamBufferIsFull
 .text.pvPortMalloc
                0x000000008000480e      0x21c ./output/heap_4.o
                0x000000008000480e                pvPortMalloc
 .text.vPortFree
                0x0000000080004a2a      0x142 ./output/heap_4.o
                0x0000000080004a2a                vPortFree
 .text.vPortSetupTimerInterrupt
                0x0000000080004b6c       0x64 ./output/port.o
                0x0000000080004b6c                vPortSetupTimerInterrupt
 .text.xPortStartScheduler
                0x0000000080004bd0       0x32 ./output/port.o
                0x0000000080004bd0                xPortStartScheduler
 .text.prvCheckExpectedTimeIsWithinAnAcceptableMargin
                0x0000000080004c02       0x3e ./output/AbortDelay.o
 .text.prvBlockingTask
                0x0000000080004c40      0x4c8 ./output/AbortDelay.o
 .text.prvControllingTask
                0x0000000080005108       0xaa ./output/AbortDelay.o
 .text.vCreateAbortDelayTasks
                0x00000000800051b2       0x44 ./output/AbortDelay.o
                0x00000000800051b2                vCreateAbortDelayTasks
 .text.xAreAbortDelayTestTasksStillRunning
                0x00000000800051f6       0x5a ./output/AbortDelay.o
                0x00000000800051f6                xAreAbortDelayTestTasksStillRunning
 .text.vSecondaryBlockTimeTestTask
                0x0000000080005250       0xec ./output/blocktim.o
 .text.vPrimaryBlockTimeTestTask
                0x000000008000533c      0x3da ./output/blocktim.o
 .text.vCreateBlockTimeTasks
                0x0000000080005716       0x68 ./output/blocktim.o
                0x0000000080005716                vCreateBlockTimeTasks
 .text.xAreBlockTimeTestTasksStillRunning
                0x000000008000577e       0x4a ./output/blocktim.o
                0x000000008000577e                xAreBlockTimeTestTasksStillRunning
 .text.prvDecrementSemaphoreCount
                0x00000000800057c8       0xa6 ./output/countsem.o
 .text.prvCountingSemaphoreTask
                0x000000008000586e       0xb8 ./output/countsem.o
 .text.vStartCountingSemaphoreTasks
                0x0000000080005926       0xb2 ./output/countsem.o
                0x0000000080005926                vStartCountingSemaphoreTasks
 .text.xAreCountingSemaphoreTasksStillRunning
                0x00000000800059d8       0x3c ./output/countsem.o
                0x00000000800059d8                xAreCountingSemaphoreTasksStillRunning
 .text.vCreateTasks
                0x0000000080005a14       0x84 ./output/death.o
 .text.vSuicidalTask
                0x0000000080005a98       0x42 ./output/death.o
 .text.vCreateSuicidalTasks
                0x0000000080005ada       0x1e ./output/death.o
                0x0000000080005ada                vCreateSuicidalTasks
 .text.xIsCreateTaskStillRunning
                0x0000000080005af8       0x50 ./output/death.o
                0x0000000080005af8                xIsCreateTaskStillRunning
 .text.vQueueReceiveWhenSuspendedTask
                0x0000000080005b48       0x58 ./output/dynamic.o
 .text.vQueueSendWhenSuspendedTask
                0x0000000080005ba0       0x48 ./output/dynamic.o
 .text.vLimitedIncrementTask
                0x0000000080005be8       0x28 ./output/dynamic.o
 .text.vCounterControlTask
                0x0000000080005c10      0x110 ./output/dynamic.o
 .text.vContinuousIncrementTask
                0x0000000080005d20       0x62 ./output/dynamic.o
 .text.vStartDynamicPriorityTasks
                0x0000000080005d82       0xce ./output/dynamic.o
                0x0000000080005d82                vStartDynamicPriorityTasks
 .text.xAreDynamicPriorityTasksStillRunning
                0x0000000080005e50       0x58 ./output/dynamic.o
                0x0000000080005e50                xAreDynamicPriorityTasksStillRunning
 .text.prvSyncTask
                0x0000000080005ea8       0xd0 ./output/EventGroupsDemo.o
 .text.prvTestSlaveTask
                0x0000000080005f78      0x116 ./output/EventGroupsDemo.o
 .text.prvTestMasterTask
                0x000000008000608e      0x43a ./output/EventGroupsDemo.o
 .text.vStartEventGroupTasks
                0x00000000800064c8       0xbe ./output/EventGroupsDemo.o
                0x00000000800064c8                vStartEventGroupTasks
 .text.vPeriodicEventGroupsProcessing
                0x0000000080006586       0xa4 ./output/EventGroupsDemo.o
                0x0000000080006586                vPeriodicEventGroupsProcessing
 .text.xAreEventGroupTasksStillRunning
                0x000000008000662a       0x52 ./output/EventGroupsDemo.o
                0x000000008000662a                xAreEventGroupTasksStillRunning
 .text.prvMediumPriorityMutexTask
                0x000000008000667c       0x18 ./output/GenQTest.o
 .text.prvHighPriorityMutexTask
                0x0000000080006694       0x4a ./output/GenQTest.o
 .text.prvLowPriorityMutexTask
                0x00000000800066de      0x42a ./output/GenQTest.o
 .text.prvSendFrontAndBackTest
                0x0000000080006b08      0x2d2 ./output/GenQTest.o
 .text.vStartGenericQueueTasks
                0x0000000080006dda       0xe4 ./output/GenQTest.o
                0x0000000080006dda                vStartGenericQueueTasks
 .text.xAreGenericQueueTasksStillRunning
                0x0000000080006ebe       0x48 ./output/GenQTest.o
                0x0000000080006ebe                xAreGenericQueueTasksStillRunning
 .text.vInterruptCountingSemaphoreTask
                0x0000000080006f06       0xdc ./output/IntSemTest.o
 .text.vInterruptMutexMasterTask
                0x0000000080006fe2      0x2d0 ./output/IntSemTest.o
 .text.vInterruptMutexSlaveTask
                0x00000000800072b2       0x52 ./output/IntSemTest.o
 .text.vStartInterruptSemaphoreTasks
                0x0000000080007304       0xba ./output/IntSemTest.o
                0x0000000080007304                vStartInterruptSemaphoreTasks
 .text.vInterruptSemaphorePeriodicTest
                0x00000000800073be       0x88 ./output/IntSemTest.o
                0x00000000800073be                vInterruptSemaphorePeriodicTest
 .text.xAreInterruptSemaphoreTasksStillRunning
                0x0000000080007446       0x52 ./output/IntSemTest.o
                0x0000000080007446                xAreInterruptSemaphoreTasksStillRunning
 .text.prvCoreBTasks
                0x0000000080007498       0x9a ./output/MessageBufferAMP.o
 .text.prvCoreATask
                0x0000000080007532       0x50 ./output/MessageBufferAMP.o
 .text.vStartMessageBufferAMPTasks
                0x0000000080007582       0xa2 ./output/MessageBufferAMP.o
                0x0000000080007582                vStartMessageBufferAMPTasks
 .text.xAreMessageBufferAMPTasksStillRunning
                0x0000000080007624       0x34 ./output/MessageBufferAMP.o
                0x0000000080007624                xAreMessageBufferAMPTasksStillRunning
 .text.prvSpaceAvailableCoherenceTester
                0x0000000080007658       0x48 ./output/MessageBufferDemo.o
 .text.prvSpaceAvailableCoherenceActor
                0x00000000800076a0       0x76 ./output/MessageBufferDemo.o
 .text.prvReceiverTask
                0x0000000080007716       0x58 ./output/MessageBufferDemo.o
 .text.prvNonBlockingSenderTask
                0x000000008000776e       0x6e ./output/MessageBufferDemo.o
 .text.prvNonBlockingReceiverTask
                0x00000000800077dc       0x9e ./output/MessageBufferDemo.o
 .text.prvEchoClient
                0x000000008000787a       0xf8 ./output/MessageBufferDemo.o
 .text.prvSingleTaskTests
                0x0000000080007972      0x560 ./output/MessageBufferDemo.o
 .text.prvSenderTask
                0x0000000080007ed2      0x10e ./output/MessageBufferDemo.o
 .text.prvEchoServer
                0x0000000080007fe0      0x140 ./output/MessageBufferDemo.o
 .text.vStartMessageBufferTasks
                0x0000000080008120      0x132 ./output/MessageBufferDemo.o
                0x0000000080008120                vStartMessageBufferTasks
 .text.xAreMessageBufferTasksStillRunning
                0x0000000080008252       0x7a ./output/MessageBufferDemo.o
                0x0000000080008252                xAreMessageBufferTasksStillRunning
 .text.vPolledQueueProducer
                0x00000000800082cc       0x66 ./output/PollQ.o
 .text.vPolledQueueConsumer
                0x0000000080008332       0x6c ./output/PollQ.o
 .text.vStartPolledQueueTasks
                0x000000008000839e       0x78 ./output/PollQ.o
                0x000000008000839e                vStartPolledQueueTasks
 .text.xArePollingQueuesStillRunning
                0x0000000080008416       0x1c ./output/PollQ.o
                0x0000000080008416                xArePollingQueuesStillRunning
 .text.prvHighestPriorityPeekTask
                0x0000000080008432       0xdc ./output/QPeek.o
 .text.prvHighPriorityPeekTask
                0x000000008000850e       0x80 ./output/QPeek.o
 .text.prvMediumPriorityPeekTask
                0x000000008000858e       0x5c ./output/QPeek.o
 .text.prvLowPriorityPeekTask
                0x00000000800085ea       0xfe ./output/QPeek.o
 .text.vStartQueuePeekTasks
                0x00000000800086e8       0xac ./output/QPeek.o
                0x00000000800086e8                vStartQueuePeekTasks
 .text.xAreQueuePeekTasksStillRunning
                0x0000000080008794       0x2a ./output/QPeek.o
                0x0000000080008794                xAreQueuePeekTasksStillRunning
 .text.prvQueueOverwriteTask
                0x00000000800087be       0xb4 ./output/QueueOverwrite.o
 .text.vStartQueueOverwriteTask
                0x0000000080008872       0x36 ./output/QueueOverwrite.o
                0x0000000080008872                vStartQueueOverwriteTask
 .text.xIsQueueOverwriteTaskStillRunning
                0x00000000800088a8       0x1c ./output/QueueOverwrite.o
                0x00000000800088a8                xIsQueueOverwriteTaskStillRunning
 .text.vQueueOverwritePeriodicISRDemo
                0x00000000800088c4       0x9a ./output/QueueOverwrite.o
                0x00000000800088c4                vQueueOverwritePeriodicISRDemo
 .text.prvQueueSetSendingTask
                0x000000008000895e      0x108 ./output/QueueSet.o
 .text.prvCheckReceivedValueWithinExpectedRange
                0x0000000080008a66       0x3c ./output/QueueSet.o
 .text.prvCheckReceivedValue
                0x0000000080008aa2       0xb0 ./output/QueueSet.o
 .text.prvQueueSetReceivingTask
                0x0000000080008b52      0x5d2 ./output/QueueSet.o
 .text.vStartQueueSetTasks
                0x0000000080009124       0x60 ./output/QueueSet.o
                0x0000000080009124                vStartQueueSetTasks
 .text.xAreQueueSetTasksStillRunning
                0x0000000080009184       0x6a ./output/QueueSet.o
                0x0000000080009184                xAreQueueSetTasksStillRunning
 .text.vQueueSetAccessQueueSetFromISR
                0x00000000800091ee       0xa2 ./output/QueueSet.o
                0x00000000800091ee                vQueueSetAccessQueueSetFromISR
 .text.prvQueueSetReceivingTask
                0x0000000080009290       0x52 ./output/QueueSetPolling.o
 .text.vStartQueueSetPollingTask
                0x00000000800092e2       0x58 ./output/QueueSetPolling.o
                0x00000000800092e2                vStartQueueSetPollingTask
 .text.vQueueSetPollingInterruptAccess
                0x000000008000933a       0x46 ./output/QueueSetPolling.o
                0x000000008000933a                vQueueSetPollingInterruptAccess
 .text.xAreQueueSetPollTasksStillRunning
                0x0000000080009380       0x1e ./output/QueueSetPolling.o
                0x0000000080009380                xAreQueueSetPollTasksStillRunning
 .text.prvRecursiveMutexPollingTask
                0x000000008000939e      0x148 ./output/recmutex.o
 .text.prvRecursiveMutexBlockingTask
                0x00000000800094e6       0x9e ./output/recmutex.o
 .text.prvRecursiveMutexControllingTask
                0x0000000080009584       0xb4 ./output/recmutex.o
 .text.vStartRecursiveMutexTasks
                0x0000000080009638       0x84 ./output/recmutex.o
                0x0000000080009638                vStartRecursiveMutexTasks
 .text.xAreRecursiveMutexTasksStillRunning
                0x00000000800096bc       0x60 ./output/recmutex.o
                0x00000000800096bc                xAreRecursiveMutexTasksStillRunning
 .text.prvSemaphoreTest
                0x000000008000971c       0xd8 ./output/semtest.o
 .text.vStartSemaphoreTasks
                0x00000000800097f4      0x118 ./output/semtest.o
                0x00000000800097f4                vStartSemaphoreTasks
 .text.xAreSemaphoreTasksStillRunning
                0x000000008000990c       0x3c ./output/semtest.o
                0x000000008000990c                xAreSemaphoreTasksStillRunning
 .text.prvGetNextDelayTime
                0x0000000080009948       0x58 ./output/StaticAllocation.o
 .text.prvStaticallyAllocatedTask
                0x00000000800099a0        0x6 ./output/StaticAllocation.o
 .text.prvSanityCheckCreatedQueue
                0x00000000800099a6      0x10c ./output/StaticAllocation.o
 .text.prvSanityCheckCreatedSemaphore
                0x0000000080009ab2      0x12a ./output/StaticAllocation.o
 .text.prvSanityCheckCreatedRecursiveMutex
                0x0000000080009bdc       0x7c ./output/StaticAllocation.o
 .text.prvSanityCheckCreatedEventGroup
                0x0000000080009c58       0x86 ./output/StaticAllocation.o
 .text.prvStaticallyAllocatedCreator
                0x0000000080009cde      0x470 ./output/StaticAllocation.o
 .text.prvTimerCallback
                0x000000008000a14e       0x3c ./output/StaticAllocation.o
 .text.vStartStaticallyAllocatedTasks
                0x000000008000a18a       0x2c ./output/StaticAllocation.o
                0x000000008000a18a                vStartStaticallyAllocatedTasks
 .text.xAreStaticAllocationTasksStillRunning
                0x000000008000a1b6       0x28 ./output/StaticAllocation.o
                0x000000008000a1b6                xAreStaticAllocationTasksStillRunning
 .text.prvNonBlockingReceiverTask
                0x000000008000a1de       0x92 ./output/StreamBufferDemo.o
 .text.prvCheckExpectedState
                0x000000008000a270       0x22 ./output/StreamBufferDemo.o
 .text.prvReceiverTask
                0x000000008000a292       0x62 ./output/StreamBufferDemo.o
 .text.prvNonBlockingSenderTask
                0x000000008000a2f4       0x52 ./output/StreamBufferDemo.o
 .text.prvInterruptTriggerLevelTest
                0x000000008000a346      0x10e ./output/StreamBufferDemo.o
 .text.prvSingleTaskTests
                0x000000008000a454      0x7e0 ./output/StreamBufferDemo.o
 .text.prvSenderTask
                0x000000008000ac34      0x114 ./output/StreamBufferDemo.o
 .text.prvEchoServer
                0x000000008000ad48      0x100 ./output/StreamBufferDemo.o
 .text.prvEchoClient
                0x000000008000ae48      0x208 ./output/StreamBufferDemo.o
 .text.vStartStreamBufferTasks
                0x000000008000b050       0xe6 ./output/StreamBufferDemo.o
                0x000000008000b050                vStartStreamBufferTasks
 .text.vPeriodicStreamBufferProcessing
                0x000000008000b136       0x44 ./output/StreamBufferDemo.o
                0x000000008000b136                vPeriodicStreamBufferProcessing
 .text.xAreStreamBufferTasksStillRunning
                0x000000008000b17a       0x9a ./output/StreamBufferDemo.o
                0x000000008000b17a                xAreStreamBufferTasksStillRunning
 .text.prvReceivingTask
                0x000000008000b214       0xbc ./output/StreamBufferInterrupt.o
 .text.vStartStreamBufferInterruptDemo
                0x000000008000b2d0       0x3a ./output/StreamBufferInterrupt.o
                0x000000008000b2d0                vStartStreamBufferInterruptDemo
 .text.vBasicStreamBufferSendFromISR
                0x000000008000b30a       0x54 ./output/StreamBufferInterrupt.o
                0x000000008000b30a                vBasicStreamBufferSendFromISR
 .text.xIsInterruptStreamBufferDemoStillRunning
                0x000000008000b35e       0x12 ./output/StreamBufferInterrupt.o
                0x000000008000b35e                xIsInterruptStreamBufferDemoStillRunning
 .text.prvRand  0x000000008000b370       0x1c ./output/TaskNotify.o
 .text.prvNotifyingTimer
                0x000000008000b38c       0x32 ./output/TaskNotify.o
 .text.prvNotifiedTask
                0x000000008000b3be      0x84e ./output/TaskNotify.o
 .text.prvSuspendedTaskTimerTestCallback
                0x000000008000bc0c       0x74 ./output/TaskNotify.o
 .text.vStartTaskNotifyTask
                0x000000008000bc80       0x36 ./output/TaskNotify.o
                0x000000008000bc80                vStartTaskNotifyTask
 .text.xNotifyTaskFromISR
                0x000000008000bcb6       0xc2 ./output/TaskNotify.o
                0x000000008000bcb6                xNotifyTaskFromISR
 .text.xAreTaskNotificationTasksStillRunning
                0x000000008000bd78       0x3a ./output/TaskNotify.o
                0x000000008000bd78                xAreTaskNotificationTasksStillRunning
 .text.prvRand  0x000000008000bdb2       0x1c ./output/TaskNotifyArray.o
 .text.prvNotifyingTimerCallback
                0x000000008000bdce       0x34 ./output/TaskNotifyArray.o
 .text.prvNotifiedTask
                0x000000008000be02      0xcf8 ./output/TaskNotifyArray.o
 .text.prvSuspendedTaskTimerTestCallback
                0x000000008000cafa       0x94 ./output/TaskNotifyArray.o
 .text.vStartTaskNotifyArrayTask
                0x000000008000cb8e       0xa8 ./output/TaskNotifyArray.o
                0x000000008000cb8e                vStartTaskNotifyArrayTask
 .text.xNotifyArrayTaskFromISR
                0x000000008000cc36       0xc6 ./output/TaskNotifyArray.o
                0x000000008000cc36                xNotifyArrayTaskFromISR
 .text.xAreTaskNotificationArrayTasksStillRunning
                0x000000008000ccfc       0x50 ./output/TaskNotifyArray.o
                0x000000008000ccfc                xAreTaskNotificationArrayTasksStillRunning
 .text.prvISRAutoReloadTimerCallback
                0x000000008000cd4c       0x10 ./output/TimerDemo.o
 .text.prvISROneShotTimerCallback
                0x000000008000cd5c       0x10 ./output/TimerDemo.o
 .text.prvOneShotTimerCallback
                0x000000008000cd6c       0x58 ./output/TimerDemo.o
 .text.prvTimerTestTask
                0x000000008000cdc4      0x77a ./output/TimerDemo.o
 .text.prvAutoReloadTimerCallback
                0x000000008000d53e       0x78 ./output/TimerDemo.o
 .text.vStartTimerDemoTask
                0x000000008000d5b6      0x212 ./output/TimerDemo.o
                0x000000008000d5b6                vStartTimerDemoTask
 .text.xAreTimerDemoTasksStillRunning
                0x000000008000d7c8       0x60 ./output/TimerDemo.o
                0x000000008000d7c8                xAreTimerDemoTasksStillRunning
 .text.vTimerPeriodicISRTests
                0x000000008000d828      0x4b2 ./output/TimerDemo.o
                0x000000008000d828                vTimerPeriodicISRTests
 .text.vApplicationMallocFailedHook
                0x000000008000dcda       0x16 ./output/main.o
                0x000000008000dcda                vApplicationMallocFailedHook
 .text.vApplicationStackOverflowHook
                0x000000008000dcf0       0x16 ./output/main.o
                0x000000008000dcf0                vApplicationStackOverflowHook
 .text.vApplicationTickHook
                0x000000008000dd06        0x2 ./output/main.o
                0x000000008000dd06                vApplicationTickHook
 .text.vAssertCalled
                0x000000008000dd08       0x42 ./output/main.o
                0x000000008000dd08                vAssertCalled
 .text.vApplicationGetIdleTaskMemory
                0x000000008000dd4a       0x1c ./output/main.o
                0x000000008000dd4a                vApplicationGetIdleTaskMemory
 .text.vApplicationGetTimerTaskMemory
                0x000000008000dd66       0x1c ./output/main.o
                0x000000008000dd66                vApplicationGetTimerTaskMemory
 .text.prvCheckTask
                0x000000008000dd82      0x26c ./output/main_full.o
 .text.prvRegTestTaskEntry2
                0x000000008000dfee       0x22 ./output/main_full.o
 .text.prvRegTestTaskEntry1
                0x000000008000e010       0x22 ./output/main_full.o
 .text.main_full
                0x000000008000e032       0xe2 ./output/main_full.o
                0x000000008000e032                main_full
 .text.vFullDemoTickHookFunction
                0x000000008000e114       0x30 ./output/main_full.o
                0x000000008000e114                vFullDemoTickHookFunction
 .text.vOutNS16550
                0x000000008000e144       0x14 ./output/ns16550.o
                0x000000008000e144                vOutNS16550
 .text.printchar
                0x000000008000e158       0x24 ./output/printf-stdarg.o
 .text.prints   0x000000008000e17c       0xbc ./output/printf-stdarg.o
 .text.printi   0x000000008000e238       0xbc ./output/printf-stdarg.o
 .text.tiny_print
                0x000000008000e2f4      0x188 ./output/printf-stdarg.o
 .text.printf   0x000000008000e47c       0x26 ./output/printf-stdarg.o
                0x000000008000e47c                printf
 .text.sprintf  0x000000008000e4a2       0x24 ./output/printf-stdarg.o
                0x000000008000e4a2                sprintf
 .text          0x000000008000e4c6       0xbe ./output/portASM.o
                0x000000008000e4c6                pxPortInitialiseStack
                0x000000008000e50e                xPortStartFirstTask
                0x000000008000e568                freertos_risc_v_application_exception_handler
                0x000000008000e576                freertos_risc_v_application_interrupt_handler
 .text.freertos_risc_v_exception_handler
                0x000000008000e584      0x136 ./output/portASM.o
                0x000000008000e584                freertos_risc_v_exception_handler
 .text.freertos_risc_v_interrupt_handler
                0x000000008000e6ba       0xc8 ./output/portASM.o
                0x000000008000e6ba                freertos_risc_v_interrupt_handler
 .text.freertos_risc_v_mtimer_interrupt_handler
                0x000000008000e782      0x100 ./output/portASM.o
                0x000000008000e782                freertos_risc_v_mtimer_interrupt_handler
 *fill*         0x000000008000e882       0x7e 
 .text          0x000000008000e900      0x4c6 ./output/RegTest.o
                0x000000008000e900                vRegTest1Implementation
                0x000000008000eb00                vRegTest2Implementation
 *fill*         0x000000008000edc6       0x3a 
 .text          0x000000008000ee00       0x80 ./output/vector.o
                0x000000008000ee00                freertos_vector_table
 .text          0x000000008000ee80       0x3c /home/felix/opt/riscv64-unknown-elf-toolchain-10.2.0-2020.12.8-x86_64-linux-ubuntu14/bin/../lib/gcc/riscv64-unknown-elf/10.2.0/rv32imac/ilp32/libgcc.a(_clzsi2.o)
                0x000000008000ee80                __clzsi2
 .text          0x000000008000eebc       0x52 /home/felix/opt/riscv64-unknown-elf-toolchain-10.2.0-2020.12.8-x86_64-linux-ubuntu14/bin/../lib/gcc/riscv64-unknown-elf/10.2.0/../../../../riscv64-unknown-elf/lib/rv32imac/ilp32/libc.a(lib_a-memcmp.o)
                0x000000008000eebc                memcmp
 .text          0x000000008000ef0e       0xe8 /home/felix/opt/riscv64-unknown-elf-toolchain-10.2.0-2020.12.8-x86_64-linux-ubuntu14/bin/../lib/gcc/riscv64-unknown-elf/10.2.0/../../../../riscv64-unknown-elf/lib/rv32imac/ilp32/libc.a(lib_a-memcpy.o)
                0x000000008000ef0e                memcpy
 .text          0x000000008000eff6       0xa8 /home/felix/opt/riscv64-unknown-elf-toolchain-10.2.0-2020.12.8-x86_64-linux-ubuntu14/bin/../lib/gcc/riscv64-unknown-elf/10.2.0/../../../../riscv64-unknown-elf/lib/rv32imac/ilp32/libc.a(lib_a-memset.o)
                0x000000008000eff6                memset
 .text          0x000000008000f09e      0x11e /home/felix/opt/riscv64-unknown-elf-toolchain-10.2.0-2020.12.8-x86_64-linux-ubuntu14/bin/../lib/gcc/riscv64-unknown-elf/10.2.0/../../../../riscv64-unknown-elf/lib/rv32imac/ilp32/libc.a(lib_a-strcmp.o)
                0x000000008000f09e                strcmp
 .text          0x000000008000f1bc       0x62 /home/felix/opt/riscv64-unknown-elf-toolchain-10.2.0-2020.12.8-x86_64-linux-ubuntu14/bin/../lib/gcc/riscv64-unknown-elf/10.2.0/../../../../riscv64-unknown-elf/lib/rv32imac/ilp32/libc.a(lib_a-strlen.o)
                0x000000008000f1bc                strlen
 *(.gnu.linkonce.t.*)

.fini           0x000000008000f21e        0x0
 *(SORT_NONE(.fini))
                0x000000008000f21e                _etext = .

.rodata.align   0x000000008000f220        0x0 load address 0x000000008000f21e
                0x000000008000f220                _rodata = .

.rodata.start   0x000000008000f21e        0x0
                0x000000008000f21e                _rodata_lma = LOADADDR (.rodata.start)

.rodata         0x000000008000f220     0x118c
 *(.rdata)
 *(.rodata .rodata.*)
 .rodata.prvTaskIsTaskSuspended.str1.4
                0x000000008000f220       0x1d ./output/tasks.o
 *fill*         0x000000008000f23d        0x3 
 .rodata.vTaskStartScheduler.str1.4
                0x000000008000f240        0x5 ./output/tasks.o
 *fill*         0x000000008000f245        0x3 
 .rodata.xTaskGenericNotify
                0x000000008000f248       0x14 ./output/tasks.o
 .rodata.xTaskGenericNotifyFromISR
                0x000000008000f25c       0x14 ./output/tasks.o
 .rodata.prvNotifyQueueSetContainer.str1.4
                0x000000008000f270       0x1d ./output/queue.o
 *fill*         0x000000008000f28d        0x3 
 .rodata.prvCheckForValidListAndQueue.str1.4
                0x000000008000f290        0x5 ./output/timers.o
 *fill*         0x000000008000f295        0x3 
 .rodata.prvTimerTask.str1.4
                0x000000008000f298       0x1e ./output/timers.o
 *fill*         0x000000008000f2b6        0x2 
 .rodata.prvTimerTask
                0x000000008000f2b8       0x24 ./output/timers.o
 .rodata.xTimerCreateTimerTask.str1.4
                0x000000008000f2dc        0x8 ./output/timers.o
 .rodata.xEventGroupCreateStatic.str1.4
                0x000000008000f2e4       0x24 ./output/event_groups.o
 .rodata.prvWriteBytesToBuffer.str1.4
                0x000000008000f308       0x25 ./output/stream_buffer.o
 *fill*         0x000000008000f32d        0x3 
 .rodata.pvPortMalloc.str1.4
                0x000000008000f330       0x2f ./output/heap_4.o
 *fill*         0x000000008000f35f        0x1 
 .rodata.prvBlockingTask.str1.4
                0x000000008000f360       0x37 ./output/AbortDelay.o
 *fill*         0x000000008000f397        0x1 
 .rodata.prvBlockingTask
                0x000000008000f398       0x20 ./output/AbortDelay.o
 .rodata.prvControllingTask.str1.4
                0x000000008000f3b8        0x7 ./output/AbortDelay.o
 *fill*         0x000000008000f3bf        0x1 
 .rodata.vCreateBlockTimeTasks.str1.4
                0x000000008000f3c0       0x23 ./output/blocktim.o
 *fill*         0x000000008000f3e3        0x1 
 .rodata.prvDecrementSemaphoreCount.str1.4
                0x000000008000f3e4       0x2d ./output/countsem.o
 *fill*         0x000000008000f411        0x3 
 .rodata.vStartCountingSemaphoreTasks.str1.4
                0x000000008000f414       0x2d ./output/countsem.o
 *fill*         0x000000008000f441        0x3 
 .rodata.vCreateTasks.str1.4
                0x000000008000f444       0x10 ./output/death.o
 .rodata.vCreateSuicidalTasks.str1.4
                0x000000008000f454        0x8 ./output/death.o
 .rodata.vCounterControlTask.str1.4
                0x000000008000f45c       0x2c ./output/dynamic.o
 .rodata.vStartDynamicPriorityTasks.str1.4
                0x000000008000f488       0x40 ./output/dynamic.o
 .rodata.prvSyncTask.str1.4
                0x000000008000f4c8       0x34 ./output/EventGroupsDemo.o
 .rodata.vStartEventGroupTasks.str1.4
                0x000000008000f4fc       0x15 ./output/EventGroupsDemo.o
 *fill*         0x000000008000f511        0x3 
 .rodata.prvLowPriorityMutexTask.str1.4
                0x000000008000f514       0x2d ./output/GenQTest.o
 *fill*         0x000000008000f541        0x3 
 .rodata.vStartGenericQueueTasks.str1.4
                0x000000008000f544       0x48 ./output/GenQTest.o
 .rodata.vInterruptMutexMasterTask.str1.4
                0x000000008000f58c       0x2f ./output/IntSemTest.o
 *fill*         0x000000008000f5bb        0x1 
 .rodata.vStartInterruptSemaphoreTasks.str1.4
                0x000000008000f5bc       0x17 ./output/IntSemTest.o
 *fill*         0x000000008000f5d3        0x1 
 .rodata.prvCoreBTasks.str1.4
                0x000000008000f5d4       0x3c ./output/MessageBufferAMP.o
 .rodata.vStartMessageBufferAMPTasks.str1.4
                0x000000008000f610       0x16 ./output/MessageBufferAMP.o
 *fill*         0x000000008000f626        0x2 
 .rodata.prvSpaceAvailableCoherenceTester.str1.4
                0x000000008000f628       0x36 ./output/MessageBufferDemo.o
 *fill*         0x000000008000f65e        0x2 
 .rodata.prvSpaceAvailableCoherenceActor.str1.4
                0x000000008000f660        0x6 ./output/MessageBufferDemo.o
 *fill*         0x000000008000f666        0x2 
 .rodata.prvReceiverTask.str1.4
                0x000000008000f668        0x3 ./output/MessageBufferDemo.o
 *fill*         0x000000008000f66b        0x1 
 .rodata.prvSingleTaskTests.str1.4
                0x000000008000f66c       0x38 ./output/MessageBufferDemo.o
 .rodata.prvSenderTask.str1.4
                0x000000008000f6a4        0xc ./output/MessageBufferDemo.o
 .rodata.prvEchoServer.str1.4
                0x000000008000f6b0        0xb ./output/MessageBufferDemo.o
 *fill*         0x000000008000f6bb        0x1 
 .rodata.vStartMessageBufferTasks.str1.4
                0x000000008000f6bc       0x56 ./output/MessageBufferDemo.o
 *fill*         0x000000008000f712        0x2 
 .rodata.vStartPolledQueueTasks.str1.4
                0x000000008000f714       0x20 ./output/PollQ.o
 .rodata.vStartQueuePeekTasks.str1.4
                0x000000008000f734       0x33 ./output/QPeek.o
 *fill*         0x000000008000f767        0x1 
 .rodata.prvQueueOverwriteTask.str1.4
                0x000000008000f768       0x33 ./output/QueueOverwrite.o
 *fill*         0x000000008000f79b        0x1 
 .rodata.vStartQueueOverwriteTask.str1.4
                0x000000008000f79c        0x6 ./output/QueueOverwrite.o
 *fill*         0x000000008000f7a2        0x2 
 .rodata.prvCheckReceivedValueWithinExpectedRange.str1.4
                0x000000008000f7a4       0x2d ./output/QueueSet.o
 *fill*         0x000000008000f7d1        0x3 
 .rodata.vStartQueueSetTasks.str1.4
                0x000000008000f7d4        0xe ./output/QueueSet.o
 *fill*         0x000000008000f7e2        0x2 
 .rodata.vStartQueueSetPollingTask.str1.4
                0x000000008000f7e4        0x8 ./output/QueueSetPolling.o
 .rodata.prvRecursiveMutexPollingTask.str1.4
                0x000000008000f7ec       0x2d ./output/recmutex.o
 *fill*         0x000000008000f819        0x3 
 .rodata.vStartRecursiveMutexTasks.str1.4
                0x000000008000f81c       0x25 ./output/recmutex.o
 *fill*         0x000000008000f841        0x3 
 .rodata.vStartSemaphoreTasks.str1.4
                0x000000008000f844       0x20 ./output/semtest.o
                                         0x3f (size before relaxing)
 .rodata.prvSanityCheckCreatedSemaphore.str1.4
                0x000000008000f864       0x35 ./output/StaticAllocation.o
 *fill*         0x000000008000f899        0x3 
 .rodata.prvStaticallyAllocatedCreator.str1.4
                0x000000008000f89c        0xb ./output/StaticAllocation.o
 *fill*         0x000000008000f8a7        0x1 
 .rodata.vStartStaticallyAllocatedTasks.str1.4
                0x000000008000f8a8        0xb ./output/StaticAllocation.o
 *fill*         0x000000008000f8b3        0x1 
 .rodata.prvNonBlockingReceiverTask.str1.4
                0x000000008000f8b4       0x37 ./output/StreamBufferDemo.o
 *fill*         0x000000008000f8eb        0x1 
 .rodata.prvCheckExpectedState.str1.4
                0x000000008000f8ec       0x35 ./output/StreamBufferDemo.o
 .rodata.prvReceiverTask.str1.4
                0x000000008000f921       0x38 ./output/StreamBufferDemo.o
 *fill*         0x000000008000f921        0x3 
 .rodata.prvInterruptTriggerLevelTest.str1.4
                0x000000008000f924        0xb ./output/StreamBufferDemo.o
 *fill*         0x000000008000f92f        0x1 
 .rodata.prvSenderTask.str1.4
                0x000000008000f930        0xc ./output/StreamBufferDemo.o
 .rodata.prvEchoServer.str1.4
                0x000000008000f93c        0xb ./output/StreamBufferDemo.o
 .rodata.vStartStreamBufferTasks.str1.4
                0x000000008000f93c       0x57 ./output/StreamBufferDemo.o
 *fill*         0x000000008000f993        0x1 
 .rodata.prvReceivingTask.str1.4
                0x000000008000f994       0x4b ./output/StreamBufferInterrupt.o
 *fill*         0x000000008000f9df        0x1 
 .rodata.vStartStreamBufferInterruptDemo.str1.4
                0x000000008000f9e0        0x9 ./output/StreamBufferInterrupt.o
 *fill*         0x000000008000f9e9        0x3 
 .rodata.vBasicStreamBufferSendFromISR.str1.4
                0x000000008000f9ec       0x19 ./output/StreamBufferInterrupt.o
 *fill*         0x000000008000fa05        0x3 
 .rodata.prvNotifiedTask.str1.4
                0x000000008000fa08       0x49 ./output/TaskNotify.o
 *fill*         0x000000008000fa51        0x3 
 .rodata.vStartTaskNotifyTask.str1.4
                0x000000008000fa54        0x9 ./output/TaskNotify.o
 *fill*         0x000000008000fa5d        0x3 
 .rodata.prvNotifiedTask.str1.4
                0x000000008000fa60       0x34 ./output/TaskNotifyArray.o
 .rodata.vStartTaskNotifyArrayTask.str1.4
                0x000000008000fa94        0xe ./output/TaskNotifyArray.o
                                         0x2a (size before relaxing)
 *fill*         0x000000008000faa2        0x2 
 .rodata.prvOneShotTimerCallback.str1.4
                0x000000008000faa4       0x2e ./output/TimerDemo.o
 *fill*         0x000000008000fad2        0x2 
 .rodata.prvTimerTestTask.str1.4
                0x000000008000fad4        0xe ./output/TimerDemo.o
 *fill*         0x000000008000fae2        0x2 
 .rodata.vStartTimerDemoTask.str1.4
                0x000000008000fae4       0x24 ./output/TimerDemo.o
 .rodata.vApplicationMallocFailedHook.str1.4
                0x000000008000fb08       0x14 ./output/main.o
 .rodata.vApplicationStackOverflowHook.str1.4
                0x000000008000fb1c       0x1b ./output/main.o
 *fill*         0x000000008000fb37        0x1 
 .rodata.vAssertCalled.str1.4
                0x000000008000fb38       0x1b ./output/main.o
 *fill*         0x000000008000fb53        0x1 
 .rodata.prvCheckTask.str1.4
                0x000000008000fb54      0x71e ./output/main_full.o
 *fill*         0x0000000080010272        0x2 
 .rodata.main_full.str1.4
                0x0000000080010274       0x16 ./output/main_full.o
 *fill*         0x000000008001028a        0x2 
 .rodata.str1.4
                0x000000008001028c       0x17 ./output/main_full.o
 *fill*         0x00000000800102a3        0x1 
 .rodata.tiny_print.str1.4
                0x00000000800102a4        0x7 ./output/printf-stdarg.o
 *fill*         0x00000000800102ab        0x1 
 .rodata        0x00000000800102ac      0x100 /home/felix/opt/riscv64-unknown-elf-toolchain-10.2.0-2020.12.8-x86_64-linux-ubuntu14/bin/../lib/gcc/riscv64-unknown-elf/10.2.0/rv32imac/ilp32/libgcc.a(_clz.o)
                0x00000000800102ac                __clz_tab
 *(.gnu.linkonce.r.*)
                0x00000000800103ac                . = ALIGN (0x4)
                0x00000000800103ac                _erodata = .

.rela.dyn       0x00000000800103ac        0x0
 .rela.text.xPortStartScheduler
                0x00000000800103ac        0x0 ./output/tasks.o
 .rela.text.freertos_risc_v_exception_handler
                0x00000000800103ac        0x0 ./output/tasks.o
 .rela.text.freertos_risc_v_interrupt_handler
                0x00000000800103ac        0x0 ./output/tasks.o
 .rela.init     0x00000000800103ac        0x0 ./output/tasks.o

.tdata          0x00000000800103ac        0x0
 *(.tdata .tdata.*)

.tbss           0x00000000800103ac        0x0
 *(.tbss .tbss.* .gnu.linkonce.tb.*)
 *(.tcommon)
                [!provide]                        PROVIDE (__tbss_end = .)
                [!provide]                        PROVIDE (__tls_end = .)
                [!provide]                        PROVIDE (__tdata_source = LOADADDR (.tdata))
                [!provide]                        PROVIDE (__tdata_source_end = (LOADADDR (.tdata) + SIZEOF (.tdata)))
                [!provide]                        PROVIDE (__tdata_size = SIZEOF (.tdata))
                [!provide]                        PROVIDE (__tbss_offset = (ADDR (.tbss) - ADDR (.tdata)))
                [!provide]                        PROVIDE (__tbss_start = ADDR (.tbss))
                [!provide]                        PROVIDE (__tbss_size = SIZEOF (.tbss))
                [!provide]                        PROVIDE (__tls_size = (__tls_end - ADDR (.tdata)))
                [!provide]                        PROVIDE (__tls_align = MAX (ALIGNOF (.tdata), ALIGNOF (.tbss)))

.data.align     0x0000000080080000        0x0 load address 0x00000000800103ac
                0x0000000080080000                . = ALIGN (0x4)
                0x0000000080080000                _data = .

.data.start     0x0000000080080000        0x0 load address 0x00000000800103ac
                0x00000000800103ac                _data_lma = LOADADDR (.data.start)

.data           0x0000000080080000       0x58 load address 0x00000000800103ac
 *(.data .data.*)
 *(.gnu.linkonce.d.*)
                0x0000000080080000                . = ALIGN (0x8)
                0x0000000080080800                PROVIDE (__global_pointer$ = (. + 0x800))
 *(.sdata .sdata.*)
 .sdata.uxTopUsedPriority
                0x0000000080080000        0x4 ./output/tasks.o
 .sdata.pullNextTime
                0x0000000080080004        0x4 ./output/port.o
                0x0000000080080004                pullNextTime
 .sdata.pxCriticalNesting
                0x0000000080080008        0x4 ./output/port.o
                0x0000000080080008                pxCriticalNesting
 .sdata.xCriticalNesting
                0x000000008008000c        0x4 ./output/port.o
                0x000000008008000c                xCriticalNesting
 .sdata.usLastCreationCount.1
                0x0000000080080010        0x2 ./output/death.o
 *fill*         0x0000000080080012        0x2 
 .sdata.xDemoStatus
                0x0000000080080014        0x4 ./output/MessageBufferAMP.o
                0x0000000080080014                xDemoStatus
 .sdata.xISRTestStatus
                0x0000000080080018        0x4 ./output/QueueOverwrite.o
 .sdata.ulExpectedReceivedFromISR.8
                0x000000008008001c        0x4 ./output/QueueSet.o
 .sdata.ulISRTxValue
                0x0000000080080020        0x4 ./output/QueueSet.o
 .sdata.xQueueSetTasksStatus
                0x0000000080080024        0x4 ./output/QueueSet.o
 .sdata.xQueueSetPollStatus
                0x0000000080080028        0x4 ./output/QueueSetPolling.o
 .sdata.xErrorStatus
                0x000000008008002c        0x4 ./output/StreamBufferDemo.o
 .sdata.xDemoStatus
                0x0000000080080030        0x4 ./output/StreamBufferInterrupt.o
 .sdata.xErrorStatus
                0x0000000080080034        0x4 ./output/TaskNotify.o
 .sdata.xErrorStatus.2
                0x0000000080080038        0x4 ./output/TaskNotifyArray.o
 .sdata.uxTick.0
                0x000000008008003c        0x4 ./output/TimerDemo.o
 .sdata.xTestStatus
                0x0000000080080040        0x4 ./output/TimerDemo.o
 .sdata.pcMessage.0
                0x0000000080080044        0x4 ./output/main_full.o
 .sdata.dev     0x0000000080080048        0x4 ./output/printf-stdarg.o
 *(.sdata2 .sdata2.*)
 *(.gnu.linkonce.s.*)
                0x0000000080080050                . = ALIGN (0x8)
 *fill*         0x000000008008004c        0x4 
 *(.srodata.cst16)
 *(.srodata.cst8)
 *(.srodata.cst4)
 *(.srodata.cst2)
 *(.srodata .srodata.*)
 .srodata.uxTimerIncrementsForOneTick
                0x0000000080080050        0x4 ./output/port.o
                0x0000000080080050                uxTimerIncrementsForOneTick
 .srodata.xISRStackTop
                0x0000000080080054        0x4 ./output/port.o
                0x0000000080080054                xISRStackTop
                0x0000000080080058                . = ALIGN (0x4)
                0x0000000080080058                _edata = .

.bss.align      0x0000000080080058        0x0 load address 0x0000000080010404
                0x0000000080080058                . = ALIGN (0x4)
                0x0000000080080058                _bss = .

.bss.start      0x0000000080080058        0x0 load address 0x0000000080010404
                0x0000000080010404                _bss_lma = LOADADDR (.bss.start)

.bss            0x0000000080080060    0x15b0c load address 0x0000000080010404
 *(.sbss*)
 .sbss.pxCurrentTCB
                0x0000000080080060        0x4 ./output/tasks.o
                0x0000000080080060                pxCurrentTCB
 .sbss.pxDelayedTaskList
                0x0000000080080064        0x4 ./output/tasks.o
 .sbss.pxOverflowDelayedTaskList
                0x0000000080080068        0x4 ./output/tasks.o
 .sbss.uxCurrentNumberOfTasks
                0x000000008008006c        0x4 ./output/tasks.o
 .sbss.uxDeletedTasksWaitingCleanUp
                0x0000000080080070        0x4 ./output/tasks.o
 .sbss.uxSchedulerSuspended
                0x0000000080080074        0x4 ./output/tasks.o
 .sbss.uxTaskNumber
                0x0000000080080078        0x4 ./output/tasks.o
 .sbss.uxTopReadyPriority
                0x000000008008007c        0x4 ./output/tasks.o
 .sbss.xIdleTaskHandles
                0x0000000080080080        0x4 ./output/tasks.o
 .sbss.xNextTaskUnblockTime
                0x0000000080080084        0x4 ./output/tasks.o
 .sbss.xNumOfOverflows
                0x0000000080080088        0x4 ./output/tasks.o
 .sbss.xPendedTicks
                0x000000008008008c        0x4 ./output/tasks.o
 .sbss.xSchedulerRunning
                0x0000000080080090        0x4 ./output/tasks.o
 .sbss.xTickCount
                0x0000000080080094        0x4 ./output/tasks.o
 .sbss.xYieldPendings
                0x0000000080080098        0x4 ./output/tasks.o
 .sbss.pxCurrentTimerList
                0x000000008008009c        0x4 ./output/timers.o
 .sbss.pxOverflowTimerList
                0x00000000800800a0        0x4 ./output/timers.o
 .sbss.xLastTime.2
                0x00000000800800a4        0x4 ./output/timers.o
 .sbss.xTimerQueue
                0x00000000800800a8        0x4 ./output/timers.o
 .sbss.xTimerTaskHandle
                0x00000000800800ac        0x4 ./output/timers.o
 .sbss.pxEnd    0x00000000800800b0        0x4 ./output/heap_4.o
 .sbss.xFreeBytesRemaining
                0x00000000800800b4        0x4 ./output/heap_4.o
 .sbss.xMinimumEverFreeBytesRemaining
                0x00000000800800b8        0x4 ./output/heap_4.o
 .sbss.xNumberOfSuccessfulAllocations
                0x00000000800800bc        0x4 ./output/heap_4.o
 .sbss.xNumberOfSuccessfulFrees
                0x00000000800800c0        0x4 ./output/heap_4.o
 .sbss.xStart   0x00000000800800c4        0x8 ./output/heap_4.o
 .sbss.pullMachineTimerCompareRegister
                0x00000000800800cc        0x4 ./output/port.o
                0x00000000800800cc                pullMachineTimerCompareRegister
 .sbss.ullNextTime
                0x00000000800800d0        0x8 ./output/port.o
                0x00000000800800d0                ullNextTime
 .sbss.xTaskReturnAddress
                0x00000000800800d8        0x4 ./output/port.o
                0x00000000800800d8                xTaskReturnAddress
 .sbss.ucQueueStorage.4
                0x00000000800800dc        0x1 ./output/AbortDelay.o
 *fill*         0x00000000800800dd        0x3 
 .sbss.ucStorageBuffer.2
                0x00000000800800e0        0x5 ./output/AbortDelay.o
 *fill*         0x00000000800800e5        0x3 
 .sbss.xBlockingCycles
                0x00000000800800e8        0x4 ./output/AbortDelay.o
 .sbss.xControllingCycles
                0x00000000800800ec        0x4 ./output/AbortDelay.o
 .sbss.xErrorOccurred
                0x00000000800800f0        0x4 ./output/AbortDelay.o
 .sbss.xLastBlockingCycleCount.0
                0x00000000800800f4        0x4 ./output/AbortDelay.o
 .sbss.xLastControllingCycleCount.1
                0x00000000800800f8        0x4 ./output/AbortDelay.o
 .sbss.xErrorOccurred
                0x00000000800800fc        0x4 ./output/blocktim.o
 .sbss.xLastPrimaryCycleCount.1
                0x0000000080080100        0x4 ./output/blocktim.o
 .sbss.xLastSecondaryCycleCount.0
                0x0000000080080104        0x4 ./output/blocktim.o
 .sbss.xPrimaryCycles
                0x0000000080080108        0x4 ./output/blocktim.o
 .sbss.xRunIndicator
                0x000000008008010c        0x4 ./output/blocktim.o
 .sbss.xSecondary
                0x0000000080080110        0x4 ./output/blocktim.o
 .sbss.xSecondaryCycles
                0x0000000080080114        0x4 ./output/blocktim.o
 .sbss.xTestQueue
                0x0000000080080118        0x4 ./output/blocktim.o
 .sbss.uxLastCount0.1
                0x000000008008011c        0x4 ./output/countsem.o
 .sbss.uxLastCount1.0
                0x0000000080080120        0x4 ./output/countsem.o
 .sbss.xErrorDetected
                0x0000000080080124        0x4 ./output/countsem.o
 .sbss.usCreationCount
                0x0000000080080128        0x2 ./output/death.o
 *fill*         0x000000008008012a        0x2 
 .sbss.uxTasksRunningAtStart
                0x000000008008012c        0x4 ./output/death.o
 .sbss.xCreatedTask
                0x0000000080080130        0x4 ./output/death.o
                0x0000000080080130                xCreatedTask
 .sbss.ulCounter
                0x0000000080080134        0x4 ./output/dynamic.o
 .sbss.ulExpectedValue
                0x0000000080080138        0x4 ./output/dynamic.o
 .sbss.ulLastExpectedValue.0
                0x000000008008013c        0x4 ./output/dynamic.o
 .sbss.ulValueToSend.2
                0x0000000080080140        0x4 ./output/dynamic.o
 .sbss.usCheckVariable
                0x0000000080080144        0x2 ./output/dynamic.o
 .sbss.usLastTaskCheck.1
                0x0000000080080146        0x2 ./output/dynamic.o
 .sbss.xContinuousIncrementHandle
                0x0000000080080148        0x4 ./output/dynamic.o
 .sbss.xLimitedIncrementHandle
                0x000000008008014c        0x4 ./output/dynamic.o
 .sbss.xSuspendedQueueReceiveError
                0x0000000080080150        0x4 ./output/dynamic.o
 .sbss.xSuspendedQueueSendError
                0x0000000080080154        0x4 ./output/dynamic.o
 .sbss.xSuspendedTestQueue
                0x0000000080080158        0x4 ./output/dynamic.o
                0x0000000080080158                xSuspendedTestQueue
 .sbss.ulISRCycles
                0x000000008008015c        0x4 ./output/EventGroupsDemo.o
 .sbss.ulPreviousISRCycles.0
                0x0000000080080160        0x4 ./output/EventGroupsDemo.o
 .sbss.ulPreviousSetBitCycles.2
                0x0000000080080164        0x4 ./output/EventGroupsDemo.o
 .sbss.ulPreviousWaitBitCycles.1
                0x0000000080080168        0x4 ./output/EventGroupsDemo.o
 .sbss.ulTestMasterCycles
                0x000000008008016c        0x4 ./output/EventGroupsDemo.o
 .sbss.ulTestSlaveCycles
                0x0000000080080170        0x4 ./output/EventGroupsDemo.o
 .sbss.xCallCount.4
                0x0000000080080174        0x4 ./output/EventGroupsDemo.o
 .sbss.xEventGroup
                0x0000000080080178        0x4 ./output/EventGroupsDemo.o
 .sbss.xISREventGroup
                0x000000008008017c        0x4 ./output/EventGroupsDemo.o
 .sbss.xISRTestError.3
                0x0000000080080180        0x4 ./output/EventGroupsDemo.o
 .sbss.xSyncTask1
                0x0000000080080184        0x4 ./output/EventGroupsDemo.o
 .sbss.xSyncTask2
                0x0000000080080188        0x4 ./output/EventGroupsDemo.o
 .sbss.ulGuardedVariable
                0x000000008008018c        0x4 ./output/GenQTest.o
 .sbss.ulLastLoopCounter.1
                0x0000000080080190        0x4 ./output/GenQTest.o
 .sbss.ulLastLoopCounter2.0
                0x0000000080080194        0x4 ./output/GenQTest.o
 .sbss.ulLoopCounter
                0x0000000080080198        0x4 ./output/GenQTest.o
 .sbss.ulLoopCounter2
                0x000000008008019c        0x4 ./output/GenQTest.o
 .sbss.uxLoopCount.2
                0x00000000800801a0        0x4 ./output/GenQTest.o
 .sbss.xBlockWasAborted
                0x00000000800801a4        0x4 ./output/GenQTest.o
 .sbss.xErrorDetected
                0x00000000800801a8        0x4 ./output/GenQTest.o
 .sbss.xHighPriorityMutexTask
                0x00000000800801ac        0x4 ./output/GenQTest.o
 .sbss.xMediumPriorityMutexTask
                0x00000000800801b0        0x4 ./output/GenQTest.o
 .sbss.xSecondMediumPriorityMutexTask
                0x00000000800801b4        0x4 ./output/GenQTest.o
 .sbss.ulCountingSemaphoreLoops
                0x00000000800801b8        0x4 ./output/IntSemTest.o
 .sbss.ulLastCountingSemaphoreLoops.0
                0x00000000800801bc        0x4 ./output/IntSemTest.o
 .sbss.ulLastMasterLoopCounter.1
                0x00000000800801c0        0x4 ./output/IntSemTest.o
 .sbss.ulMasterLoops
                0x00000000800801c4        0x4 ./output/IntSemTest.o
 .sbss.xErrorDetected
                0x00000000800801c8        0x4 ./output/IntSemTest.o
 .sbss.xISRCountingSemaphore
                0x00000000800801cc        0x4 ./output/IntSemTest.o
 .sbss.xISRMutex
                0x00000000800801d0        0x4 ./output/IntSemTest.o
 .sbss.xLastGiveTime.2
                0x00000000800801d4        0x4 ./output/IntSemTest.o
 .sbss.xMasterSlaveMutex
                0x00000000800801d8        0x4 ./output/IntSemTest.o
 .sbss.xOkToGiveCountingSemaphore
                0x00000000800801dc        0x4 ./output/IntSemTest.o
 .sbss.xOkToGiveMutex
                0x00000000800801e0        0x4 ./output/IntSemTest.o
 .sbss.xSlaveHandle
                0x00000000800801e4        0x4 ./output/IntSemTest.o
 .sbss.ulCycleCounters
                0x00000000800801e8        0x8 ./output/MessageBufferAMP.o
 .sbss.ulLastCycleCounters.0
                0x00000000800801f0        0x8 ./output/MessageBufferAMP.o
 .sbss.xControlMessageBuffer
                0x00000000800801f8        0x4 ./output/MessageBufferAMP.o
 .sbss.xCoreBMessageBuffers
                0x00000000800801fc        0x8 ./output/MessageBufferAMP.o
 .sbss.ulEchoLoopCounters
                0x0000000080080204        0x8 ./output/MessageBufferDemo.o
 .sbss.ulLastEchoLoopCounters.3
                0x000000008008020c        0x8 ./output/MessageBufferDemo.o
 .sbss.ulLastNonBlockingRxCounter.2
                0x0000000080080214        0x4 ./output/MessageBufferDemo.o
 .sbss.ulLastSenderLoopCounters.1
                0x0000000080080218        0x8 ./output/MessageBufferDemo.o
 .sbss.ulNonBlockingRxCounter
                0x0000000080080220        0x4 ./output/MessageBufferDemo.o
 .sbss.ulSenderLoopCounters
                0x0000000080080224        0x8 ./output/MessageBufferDemo.o
 .sbss.ulSizeCoherencyTestCycles
                0x000000008008022c        0x4 ./output/MessageBufferDemo.o
 .sbss.ullastSizeCoherencyTestCycles.0
                0x0000000080080230        0x4 ./output/MessageBufferDemo.o
 .sbss.xBlockingStackSize
                0x0000000080080234        0x4 ./output/MessageBufferDemo.o
 .sbss.xCoherenceTestMessageBuffer
                0x0000000080080238        0x4 ./output/MessageBufferDemo.o
 .sbss.xPolledQueue.0
                0x000000008008023c        0x4 ./output/PollQ.o
 .sbss.xPollingConsumerCount
                0x0000000080080240        0x4 ./output/PollQ.o
 .sbss.xPollingProducerCount
                0x0000000080080244        0x4 ./output/PollQ.o
 .sbss.ulLastLoopCounter.0
                0x0000000080080248        0x4 ./output/QPeek.o
 .sbss.ulLoopCounter
                0x000000008008024c        0x4 ./output/QPeek.o
 .sbss.xErrorDetected
                0x0000000080080250        0x4 ./output/QPeek.o
 .sbss.xHighPriorityTask
                0x0000000080080254        0x4 ./output/QPeek.o
                0x0000000080080254                xHighPriorityTask
 .sbss.xHighestPriorityTask
                0x0000000080080258        0x4 ./output/QPeek.o
                0x0000000080080258                xHighestPriorityTask
 .sbss.xMediumPriorityTask
                0x000000008008025c        0x4 ./output/QPeek.o
                0x000000008008025c                xMediumPriorityTask
 .sbss.ulCallCount.0
                0x0000000080080260        0x4 ./output/QueueOverwrite.o
 .sbss.ulLoopCounter
                0x0000000080080264        0x4 ./output/QueueOverwrite.o
 .sbss.xISRQueue
                0x0000000080080268        0x4 ./output/QueueOverwrite.o
 .sbss.ePriorities.5
                0x000000008008026c        0x4 ./output/QueueSet.o
 .sbss.ulCallCount.1
                0x0000000080080270        0x4 ./output/QueueSet.o
 .sbss.ulCycleCounter
                0x0000000080080274        0x4 ./output/QueueSet.o
 .sbss.ulExpectedReceivedFromTask.7
                0x0000000080080278        0x4 ./output/QueueSet.o
 .sbss.ulLastCycleCounter.4
                0x000000008008027c        0x4 ./output/QueueSet.o
 .sbss.ulLastISRTxValue.2
                0x0000000080080280        0x4 ./output/QueueSet.o
 .sbss.ulLoops.6
                0x0000000080080284        0x4 ./output/QueueSet.o
 .sbss.uxNextRand
                0x0000000080080288        0x4 ./output/QueueSet.o
 .sbss.xQueueSet
                0x000000008008028c        0x4 ./output/QueueSet.o
 .sbss.xQueueSetReceivingTask
                0x0000000080080290        0x4 ./output/QueueSet.o
                0x0000000080080290                xQueueSetReceivingTask
 .sbss.xQueueSetSendingTask
                0x0000000080080294        0x4 ./output/QueueSet.o
                0x0000000080080294                xQueueSetSendingTask
 .sbss.xQueueToWriteTo.0
                0x0000000080080298        0x4 ./output/QueueSet.o
 .sbss.xSetupComplete
                0x000000008008029c        0x4 ./output/QueueSet.o
 .sbss.ulCallCount.2
                0x00000000800802a0        0x4 ./output/QueueSetPolling.o
 .sbss.ulCycleCounter
                0x00000000800802a4        0x4 ./output/QueueSetPolling.o
 .sbss.ulLastCycleCounter.0
                0x00000000800802a8        0x4 ./output/QueueSetPolling.o
 .sbss.ulValueToSend.1
                0x00000000800802ac        0x4 ./output/QueueSetPolling.o
 .sbss.xQueue   0x00000000800802b0        0x4 ./output/QueueSetPolling.o
 .sbss.xQueueSet
                0x00000000800802b4        0x4 ./output/QueueSetPolling.o
 .sbss.uxBlockingCycles
                0x00000000800802b8        0x4 ./output/recmutex.o
 .sbss.uxControllingCycles
                0x00000000800802bc        0x4 ./output/recmutex.o
 .sbss.uxLastBlockingCycles.1
                0x00000000800802c0        0x4 ./output/recmutex.o
 .sbss.uxLastControllingCycles.2
                0x00000000800802c4        0x4 ./output/recmutex.o
 .sbss.uxLastPollingCycles.0
                0x00000000800802c8        0x4 ./output/recmutex.o
 .sbss.uxPollingCycles
                0x00000000800802cc        0x4 ./output/recmutex.o
 .sbss.xBlockingIsSuspended
                0x00000000800802d0        0x4 ./output/recmutex.o
 .sbss.xBlockingTaskHandle
                0x00000000800802d4        0x4 ./output/recmutex.o
 .sbss.xControllingIsSuspended
                0x00000000800802d8        0x4 ./output/recmutex.o
 .sbss.xControllingTaskHandle
                0x00000000800802dc        0x4 ./output/recmutex.o
 .sbss.xErrorOccurred
                0x00000000800802e0        0x4 ./output/recmutex.o
 .sbss.xMutex   0x00000000800802e4        0x4 ./output/recmutex.o
 .sbss.sCheckVariables
                0x00000000800802e8        0x8 ./output/semtest.o
 .sbss.sLastCheckVariables.0
                0x00000000800802f0        0x8 ./output/semtest.o
 .sbss.sNextCheckVariable
                0x00000000800802f8        0x2 ./output/semtest.o
 *fill*         0x00000000800802fa        0x2 
 .sbss.ulNextRand
                0x00000000800802fc        0x4 ./output/StaticAllocation.o
 .sbss.uxCycleCounter
                0x0000000080080300        0x4 ./output/StaticAllocation.o
 .sbss.uxLastCycleCounter.0
                0x0000000080080304        0x4 ./output/StaticAllocation.o
 .sbss.xErrorOccurred
                0x0000000080080308        0x4 ./output/StaticAllocation.o
 .sbss.ulEchoLoopCounters
                0x000000008008030c        0x8 ./output/StreamBufferDemo.o
 .sbss.ulInterruptTriggerCounter
                0x0000000080080314        0x4 ./output/StreamBufferDemo.o
 .sbss.ulLastEchoLoopCounters.3
                0x0000000080080318        0x8 ./output/StreamBufferDemo.o
 .sbss.ulLastInterruptTriggerCounter.1
                0x0000000080080320        0x4 ./output/StreamBufferDemo.o
 .sbss.ulLastNonBlockingRxCounter.2
                0x0000000080080324        0x4 ./output/StreamBufferDemo.o
 .sbss.ulLastSenderLoopCounters.0
                0x0000000080080328        0x8 ./output/StreamBufferDemo.o
 .sbss.ulNonBlockingRxCounter
                0x0000000080080330        0x4 ./output/StreamBufferDemo.o
 .sbss.ulSenderLoopCounters
                0x0000000080080334        0x8 ./output/StreamBufferDemo.o
 .sbss.xInterruptStreamBuffer
                0x000000008008033c        0x4 ./output/StreamBufferDemo.o
 .sbss.xNextChar.4
                0x0000000080080340        0x4 ./output/StreamBufferDemo.o
 .sbss.ulCycleCount
                0x0000000080080344        0x4 ./output/StreamBufferInterrupt.o
 .sbss.xCallCount.1
                0x0000000080080348        0x4 ./output/StreamBufferInterrupt.o
 .sbss.xNextByteToSend.0
                0x000000008008034c        0x4 ./output/StreamBufferInterrupt.o
 .sbss.xStreamBuffer
                0x0000000080080350        0x4 ./output/StreamBufferInterrupt.o
 .sbss.ulCallCount.3
                0x0000000080080354        0x4 ./output/TaskNotify.o
 .sbss.ulLastNotifyCycleCount.0
                0x0000000080080358        0x4 ./output/TaskNotify.o
 .sbss.ulNotifyCycleCount
                0x000000008008035c        0x4 ./output/TaskNotify.o
 .sbss.ulTimerNotificationsReceived
                0x0000000080080360        0x4 ./output/TaskNotify.o
 .sbss.ulTimerNotificationsSent
                0x0000000080080364        0x4 ./output/TaskNotify.o
 .sbss.uxNextRand
                0x0000000080080368        0x4 ./output/TaskNotify.o
 .sbss.xAPIToUse.1
                0x000000008008036c        0x4 ./output/TaskNotify.o
 .sbss.xCallCount.2
                0x0000000080080370        0x4 ./output/TaskNotify.o
 .sbss.xTaskToNotify
                0x0000000080080374        0x4 ./output/TaskNotify.o
 .sbss.xTimer   0x0000000080080378        0x4 ./output/TaskNotify.o
 .sbss.ulCallCount.1
                0x000000008008037c        0x4 ./output/TaskNotifyArray.o
 .sbss.ulCallCount.7
                0x0000000080080380        0x4 ./output/TaskNotifyArray.o
 .sbss.ulCourseCycleCounter
                0x0000000080080384        0x4 ./output/TaskNotifyArray.o
 .sbss.ulFineCycleCount
                0x0000000080080388        0x4 ./output/TaskNotifyArray.o
 .sbss.ulLastCourseCycleCount.0
                0x000000008008038c        0x4 ./output/TaskNotifyArray.o
 .sbss.ulLastFineCycleCount.3
                0x0000000080080390        0x4 ./output/TaskNotifyArray.o
 .sbss.uxIndexToNotify.4
                0x0000000080080394        0x4 ./output/TaskNotifyArray.o
 .sbss.uxIndexToNotify.6
                0x0000000080080398        0x4 ./output/TaskNotifyArray.o
 .sbss.uxIndexToNotify.8
                0x000000008008039c        0x4 ./output/TaskNotifyArray.o
 .sbss.uxNextRand
                0x00000000800803a0        0x4 ./output/TaskNotifyArray.o
 .sbss.xAPIToUse.5
                0x00000000800803a4        0x4 ./output/TaskNotifyArray.o
 .sbss.xIncrementingIndexTimer
                0x00000000800803a8        0x4 ./output/TaskNotifyArray.o
 .sbss.xNotifyWhileSuspendedTimer
                0x00000000800803ac        0x4 ./output/TaskNotifyArray.o
 .sbss.xSendNotificationFromISR
                0x00000000800803b0        0x4 ./output/TaskNotifyArray.o
 .sbss.xTaskToNotify
                0x00000000800803b4        0x4 ./output/TaskNotifyArray.o
 .sbss.ucISRAutoReloadTimerCounter
                0x00000000800803b8        0x1 ./output/TimerDemo.o
 .sbss.ucISROneShotTimerCounter
                0x00000000800803b9        0x1 ./output/TimerDemo.o
 .sbss.ucIsBacklogDemoEnabled
                0x00000000800803ba        0x1 ./output/TimerDemo.o
 .sbss.ucIsStopNeededInTimerZeroCallback
                0x00000000800803bb        0x1 ./output/TimerDemo.o
 .sbss.ucOneShotTimerCounter
                0x00000000800803bc        0x1 ./output/TimerDemo.o
 *fill*         0x00000000800803bd        0x3 
 .sbss.ulLastLoopCounter.1
                0x00000000800803c0        0x4 ./output/TimerDemo.o
 .sbss.ulLoopCounter
                0x00000000800803c4        0x4 ./output/TimerDemo.o
 .sbss.uxCallCount.4
                0x00000000800803c8        0x4 ./output/TimerDemo.o
 .sbss.xBasePeriod
                0x00000000800803cc        0x4 ./output/TimerDemo.o
 .sbss.xISRAutoReloadTimer
                0x00000000800803d0        0x4 ./output/TimerDemo.o
 .sbss.xISROneShotTimer
                0x00000000800803d4        0x4 ./output/TimerDemo.o
 .sbss.xIterationsWithoutCounterIncrement.2
                0x00000000800803d8        0x4 ./output/TimerDemo.o
 .sbss.xLastCycleFrequency.3
                0x00000000800803dc        0x4 ./output/TimerDemo.o
 .sbss.xOneShotTimer
                0x00000000800803e0        0x4 ./output/TimerDemo.o
 .sbss.ulRegTest1LoopCounter
                0x00000000800803e4        0x4 ./output/main_full.o
                0x00000000800803e4                ulRegTest1LoopCounter
 .sbss.ulRegTest2LoopCounter
                0x00000000800803e8        0x4 ./output/main_full.o
                0x00000000800803e8                ulRegTest2LoopCounter
 *(.gnu.linkonce.sb.*)
 *(.bss .bss.*)
 .bss.pxReadyTasksLists
                0x00000000800803ec       0xb4 ./output/tasks.o
 .bss.xDelayedTaskList1
                0x00000000800804a0       0x14 ./output/tasks.o
 .bss.xDelayedTaskList2
                0x00000000800804b4       0x14 ./output/tasks.o
 .bss.xPendingReadyList
                0x00000000800804c8       0x14 ./output/tasks.o
 .bss.xSuspendedTaskList
                0x00000000800804dc       0x14 ./output/tasks.o
 .bss.xTasksWaitingTermination
                0x00000000800804f0       0x14 ./output/tasks.o
 .bss.xQueueRegistry
                0x0000000080080504       0x50 ./output/queue.o
                0x0000000080080504                xQueueRegistry
 .bss.ucStaticTimerQueueStorage.1
                0x0000000080080554      0x140 ./output/timers.o
 .bss.xActiveTimerList1
                0x0000000080080694       0x14 ./output/timers.o
 .bss.xActiveTimerList2
                0x00000000800806a8       0x14 ./output/timers.o
 .bss.xStaticTimerQueue.0
                0x00000000800806bc       0x54 ./output/timers.o
 .bss.ucHeap    0x0000000080080710    0x14000 ./output/heap_4.o
 .bss.xISRStack
                0x0000000080094710      0x4b0 ./output/port.o
 .bss.xEventGroupBuffer.5
                0x0000000080094bc0       0x20 ./output/AbortDelay.o
 .bss.xQueueBuffer.3
                0x0000000080094be0       0x54 ./output/AbortDelay.o
 .bss.xSemaphoreBuffer.6
                0x0000000080094c34       0x54 ./output/AbortDelay.o
 .bss.xParameters
                0x0000000080094c88       0x18 ./output/countsem.o
 .bss.ucBufferStorage
                0x0000000080094ca0       0x66 ./output/MessageBufferDemo.o
 *fill*         0x0000000080094d06        0x2 
 .bss.xStaticMessageBuffers
                0x0000000080094d08       0x50 ./output/MessageBufferDemo.o
 .bss.ulLastQueueUsedCounter.3
                0x0000000080094d58        0xc ./output/QueueSet.o
 .bss.ulQueueUsedCounter
                0x0000000080094d64        0xc ./output/QueueSet.o
 .bss.xQueues   0x0000000080094d70        0xc ./output/QueueSet.o
 .bss.ucQueueStorageArea.2
                0x0000000080094d7c       0x28 ./output/StaticAllocation.o
 .bss.uxCreatorTaskStackBuffer
                0x0000000080094da4      0x3c0 ./output/StaticAllocation.o
 .bss.uxStackBuffer.3
                0x0000000080095164      0x1e0 ./output/StaticAllocation.o
 .bss.xCreatorTaskTCBBuffer
                0x0000000080095344       0x64 ./output/StaticAllocation.o
 .bss.xStaticQueue.1
                0x00000000800953a8       0x54 ./output/StaticAllocation.o
 .bss.ucBufferStorage
                0x00000000800953fc       0x3e ./output/StreamBufferDemo.o
 *fill*         0x000000008009543a        0x2 
 .bss.ucTempBuffer.5
                0x000000008009543c        0xa ./output/StreamBufferDemo.o
 *fill*         0x0000000080095446        0x2 
 .bss.xStaticStreamBuffers
                0x0000000080095448       0x50 ./output/StreamBufferDemo.o
 .bss.ucAutoReloadTimerCounters
                0x0000000080095498       0x15 ./output/TimerDemo.o
 *fill*         0x00000000800954ad        0x3 
 .bss.xAutoReloadTimers
                0x00000000800954b0       0x54 ./output/TimerDemo.o
 .bss.uxIdleTaskStack.2
                0x0000000080095504      0x1e0 ./output/main.o
 .bss.uxTimerTaskStack.0
                0x00000000800956e4      0x3c0 ./output/main.o
 .bss.xIdleTaskTCB.3
                0x0000000080095aa4       0x64 ./output/main.o
 .bss.xTimerTaskTCB.1
                0x0000000080095b08       0x64 ./output/main.o
 *(.gnu.linkonce.b.*)
 *(COMMON)
                0x0000000080095b6c                . = ALIGN (0x4)
                0x0000000080095b6c                _ebss = .
                0x0000000080095b70                . = ALIGN (0x8)
                0x0000000080095b70                _end = .

.stack          0x0000000080095b6c      0x164
                0x0000000080095b70                . = ALIGN (0x10)
 *fill*         0x0000000080095b6c        0x4 
                0x0000000080095cd0                . = (. + __stack_size)
 *fill*         0x0000000080095b70      0x160 
                0x0000000080095cd0                _stack_top = .
OUTPUT(./output/RTOSDemo.elf elf32-littleriscv)

.debug_info     0x0000000000000000    0x205c7
 .debug_info    0x0000000000000000     0x3a91 ./output/tasks.o
 .debug_info    0x0000000000003a91      0x2c7 ./output/list.o
 .debug_info    0x0000000000003d58     0x294d ./output/queue.o
 .debug_info    0x00000000000066a5     0x1a61 ./output/timers.o
 .debug_info    0x0000000000008106      0xe2f ./output/event_groups.o
 .debug_info    0x0000000000008f35     0x1b4c ./output/stream_buffer.o
 .debug_info    0x000000000000aa81      0x6f0 ./output/heap_4.o
 .debug_info    0x000000000000b171      0x2f4 ./output/port.o
 .debug_info    0x000000000000b465     0x14f2 ./output/AbortDelay.o
 .debug_info    0x000000000000c957      0x8ad ./output/blocktim.o
 .debug_info    0x000000000000d204      0x56f ./output/countsem.o
 .debug_info    0x000000000000d773      0x407 ./output/death.o
 .debug_info    0x000000000000db7a      0x829 ./output/dynamic.o
 .debug_info    0x000000000000e3a3      0xf48 ./output/EventGroupsDemo.o
 .debug_info    0x000000000000f2eb      0xf5a ./output/GenQTest.o
 .debug_info    0x0000000000010245      0x9dc ./output/IntSemTest.o
 .debug_info    0x0000000000010c21      0x657 ./output/MessageBufferAMP.o
 .debug_info    0x0000000000011278     0x1d29 ./output/MessageBufferDemo.o
 .debug_info    0x0000000000012fa1      0x3f9 ./output/PollQ.o
 .debug_info    0x000000000001339a      0x71a ./output/QPeek.o
 .debug_info    0x0000000000013ab4      0x4d2 ./output/QueueOverwrite.o
 .debug_info    0x0000000000013f86     0x12e5 ./output/QueueSet.o
 .debug_info    0x000000000001526b      0x32c ./output/QueueSetPolling.o
 .debug_info    0x0000000000015597      0x632 ./output/recmutex.o
 .debug_info    0x0000000000015bc9      0x554 ./output/semtest.o
 .debug_info    0x000000000001611d     0x19a6 ./output/StaticAllocation.o
 .debug_info    0x0000000000017ac3     0x2489 ./output/StreamBufferDemo.o
 .debug_info    0x0000000000019f4c      0x37a ./output/StreamBufferInterrupt.o
 .debug_info    0x000000000001a2c6     0x1513 ./output/TaskNotify.o
 .debug_info    0x000000000001b7d9     0x1ff5 ./output/TaskNotifyArray.o
 .debug_info    0x000000000001d7ce     0x1487 ./output/TimerDemo.o
 .debug_info    0x000000000001ec55      0x5a5 ./output/main.o
 .debug_info    0x000000000001f1fa      0x8d6 ./output/main_full.o
 .debug_info    0x000000000001fad0      0x17b ./output/ns16550.o
 .debug_info    0x000000000001fc4b      0x6b1 ./output/printf-stdarg.o
 .debug_info    0x00000000000202fc       0x22 ./output/portASM.o
 .debug_info    0x000000000002031e       0x26 ./output/start.o
 .debug_info    0x0000000000020344       0x26 ./output/RegTest.o
 .debug_info    0x000000000002036a       0x26 ./output/vector.o
 .debug_info    0x0000000000020390      0x152 /home/felix/opt/riscv64-unknown-elf-toolchain-10.2.0-2020.12.8-x86_64-linux-ubuntu14/bin/../lib/gcc/riscv64-unknown-elf/10.2.0/rv32imac/ilp32/libgcc.a(_clzsi2.o)
 .debug_info    0x00000000000204e2       0xe5 /home/felix/opt/riscv64-unknown-elf-toolchain-10.2.0-2020.12.8-x86_64-linux-ubuntu14/bin/../lib/gcc/riscv64-unknown-elf/10.2.0/rv32imac/ilp32/libgcc.a(_clz.o)

.debug_abbrev   0x0000000000000000     0x4e92
 .debug_abbrev  0x0000000000000000      0x451 ./output/tasks.o
 .debug_abbrev  0x0000000000000451      0x10d ./output/list.o
 .debug_abbrev  0x000000000000055e      0x383 ./output/queue.o
 .debug_abbrev  0x00000000000008e1      0x3e4 ./output/timers.o
 .debug_abbrev  0x0000000000000cc5      0x28f ./output/event_groups.o